Component: ARM Compiler 5.06 update 7 (build 960) Tool: armlink [4d3601]

==============================================================================

Section Cross References

    startup_stm32f407xx.o(STACK) refers (Special) to heapauxi.o(.text) for __use_two_region_memory
    startup_stm32f407xx.o(HEAP) refers (Special) to heapauxi.o(.text) for __use_two_region_memory
    startup_stm32f407xx.o(RESET) refers (Special) to heapauxi.o(.text) for __use_two_region_memory
    startup_stm32f407xx.o(RESET) refers to startup_stm32f407xx.o(STACK) for __initial_sp
    startup_stm32f407xx.o(RESET) refers to startup_stm32f407xx.o(.text) for Reset_Handler
    startup_stm32f407xx.o(RESET) refers to stm32f4xx_it.o(i.NMI_Handler) for NMI_Handler
    startup_stm32f407xx.o(RESET) refers to stm32f4xx_it.o(i.HardFault_Handler) for HardFault_Handler
    startup_stm32f407xx.o(RESET) refers to stm32f4xx_it.o(i.MemManage_Handler) for MemManage_Handler
    startup_stm32f407xx.o(RESET) refers to stm32f4xx_it.o(i.BusFault_Handler) for BusFault_Handler
    startup_stm32f407xx.o(RESET) refers to stm32f4xx_it.o(i.UsageFault_Handler) for UsageFault_Handler
    startup_stm32f407xx.o(RESET) refers to port.o(.emb_text) for SVC_Handler
    startup_stm32f407xx.o(RESET) refers to stm32f4xx_it.o(i.DebugMon_Handler) for DebugMon_Handler
    startup_stm32f407xx.o(RESET) refers to port.o(i.SysTick_Handler) for SysTick_Handler
    startup_stm32f407xx.o(RESET) refers to stm32f4xx_it.o(i.EXTI0_IRQHandler) for EXTI0_IRQHandler
    startup_stm32f407xx.o(RESET) refers to stm32f4xx_it.o(i.EXTI3_IRQHandler) for EXTI3_IRQHandler
    startup_stm32f407xx.o(RESET) refers to stm32f4xx_it.o(i.EXTI4_IRQHandler) for EXTI4_IRQHandler
    startup_stm32f407xx.o(RESET) refers to stm32f4xx_it.o(i.DMA1_Stream1_IRQHandler) for DMA1_Stream1_IRQHandler
    startup_stm32f407xx.o(RESET) refers to stm32f4xx_it.o(i.CAN1_RX0_IRQHandler) for CAN1_RX0_IRQHandler
    startup_stm32f407xx.o(RESET) refers to stm32f4xx_it.o(i.EXTI9_5_IRQHandler) for EXTI9_5_IRQHandler
    startup_stm32f407xx.o(RESET) refers to stm32f4xx_it.o(i.USART3_IRQHandler) for USART3_IRQHandler
    startup_stm32f407xx.o(RESET) refers to stm32f4xx_it.o(i.TIM6_DAC_IRQHandler) for TIM6_DAC_IRQHandler
    startup_stm32f407xx.o(RESET) refers to ins_task.o(i.DMA2_Stream2_IRQHandler) for DMA2_Stream2_IRQHandler
    startup_stm32f407xx.o(RESET) refers to stm32f4xx_it.o(i.CAN2_RX0_IRQHandler) for CAN2_RX0_IRQHandler
    startup_stm32f407xx.o(.text) refers (Special) to heapauxi.o(.text) for __use_two_region_memory
    startup_stm32f407xx.o(.text) refers to system_stm32f4xx.o(i.SystemInit) for SystemInit
    startup_stm32f407xx.o(.text) refers to __main.o(!!!main) for __main
    startup_stm32f407xx.o(.text) refers to startup_stm32f407xx.o(HEAP) for Heap_Mem
    startup_stm32f407xx.o(.text) refers to startup_stm32f407xx.o(STACK) for Stack_Mem
    main.o(i.HAL_TIM_PeriodElapsedCallback) refers to stm32f4xx_hal.o(i.HAL_IncTick) for HAL_IncTick
    main.o(i.SystemClock_Config) refers to rt_memclr_w.o(.text) for __aeabi_memclr4
    main.o(i.SystemClock_Config) refers to stm32f4xx_hal_rcc.o(i.HAL_RCC_OscConfig) for HAL_RCC_OscConfig
    main.o(i.SystemClock_Config) refers to stm32f4xx_hal_rcc.o(i.HAL_RCC_ClockConfig) for HAL_RCC_ClockConfig
    main.o(i.main) refers to stm32f4xx_hal.o(i.HAL_Init) for HAL_Init
    main.o(i.main) refers to main.o(i.SystemClock_Config) for SystemClock_Config
    main.o(i.main) refers to gpio.o(i.MX_GPIO_Init) for MX_GPIO_Init
    main.o(i.main) refers to dma.o(i.MX_DMA_Init) for MX_DMA_Init
    main.o(i.main) refers to can.o(i.MX_CAN1_Init) for MX_CAN1_Init
    main.o(i.main) refers to can.o(i.MX_CAN2_Init) for MX_CAN2_Init
    main.o(i.main) refers to i2c.o(i.MX_I2C3_Init) for MX_I2C3_Init
    main.o(i.main) refers to spi.o(i.MX_SPI1_Init) for MX_SPI1_Init
    main.o(i.main) refers to usart.o(i.MX_USART3_UART_Init) for MX_USART3_UART_Init
    main.o(i.main) refers to tim.o(i.MX_TIM10_Init) for MX_TIM10_Init
    main.o(i.main) refers to freertos.o(i.MX_FREERTOS_Init) for MX_FREERTOS_Init
    main.o(i.main) refers to cmsis_os.o(i.osKernelStart) for osKernelStart
    gpio.o(i.MX_GPIO_Init) refers to rt_memclr_w.o(.text) for __aeabi_memclr4
    gpio.o(i.MX_GPIO_Init) refers to stm32f4xx_hal_gpio.o(i.HAL_GPIO_WritePin) for HAL_GPIO_WritePin
    gpio.o(i.MX_GPIO_Init) refers to stm32f4xx_hal_gpio.o(i.HAL_GPIO_Init) for HAL_GPIO_Init
    gpio.o(i.MX_GPIO_Init) refers to stm32f4xx_hal_cortex.o(i.HAL_NVIC_SetPriority) for HAL_NVIC_SetPriority
    gpio.o(i.MX_GPIO_Init) refers to stm32f4xx_hal_cortex.o(i.HAL_NVIC_EnableIRQ) for HAL_NVIC_EnableIRQ
    freertos.o(i.All_Init_Run) refers to port.o(i.vPortEnterCritical) for vPortEnterCritical
    freertos.o(i.All_Init_Run) refers to bsp_delay.o(i.delay_init) for delay_init
    freertos.o(i.All_Init_Run) refers to calibrate_task.o(i.cali_param_init) for cali_param_init
[...]
    HAL_NVIC_EnableIRQ                       0x080027e9   Thumb Code    26  stm32f4xx_hal_cortex.o(i.HAL_NVIC_EnableIRQ)
    HAL_NVIC_SetPriority                     0x08002805   Thumb Code    60  stm32f4xx_hal_cortex.o(i.HAL_NVIC_SetPriority)
    HAL_NVIC_SetPriorityGrouping             0x08002845   Thumb Code    26  stm32f4xx_hal_cortex.o(i.HAL_NVIC_SetPriorityGrouping)
    HAL_RCC_ClockConfig                      0x08002869   Thumb Code   288  stm32f4xx_hal_rcc.o(i.HAL_RCC_ClockConfig)
    HAL_RCC_GetClockConfig                   0x0800299d   Thumb Code    54  stm32f4xx_hal_rcc.o(i.HAL_RCC_GetClockConfig)
    HAL_RCC_GetPCLK1Freq                     0x080029dd   Thumb Code    20  stm32f4xx_hal_rcc.o(i.HAL_RCC_GetPCLK1Freq)
    HAL_RCC_GetPCLK2Freq                     0x080029fd   Thumb Code    20  stm32f4xx_hal_rcc.o(i.HAL_RCC_GetPCLK2Freq)
    HAL_RCC_GetSysClockFreq                  0x08002a1d   Thumb Code    88  stm32f4xx_hal_rcc.o(i.HAL_RCC_GetSysClockFreq)
    HAL_RCC_OscConfig                        0x08002a81   Thumb Code   856  stm32f4xx_hal_rcc.o(i.HAL_RCC_OscConfig)
    HAL_SPI_Init                             0x08002ded   Thumb Code   188  stm32f4xx_hal_spi.o(i.HAL_SPI_Init)
    HAL_SPI_MspInit                          0x08002ea9   Thumb Code   228  spi.o(i.HAL_SPI_MspInit)
    HAL_SPI_TransmitReceive                  0x08002fa5   Thumb Code   482  stm32f4xx_hal_spi.o(i.HAL_SPI_TransmitReceive)
    HAL_TIMEx_BreakCallback                  0x08003187   Thumb Code     2  stm32f4xx_hal_tim_ex.o(i.HAL_TIMEx_BreakCallback)
    HAL_TIMEx_CommutCallback                 0x08003189   Thumb Code     2  stm32f4xx_hal_tim_ex.o(i.HAL_TIMEx_CommutCallback)
    HAL_TIM_Base_Init                        0x0800318b   Thumb Code    90  stm32f4xx_hal_tim.o(i.HAL_TIM_Base_Init)
    HAL_TIM_Base_MspInit                     0x080031e5   Thumb Code    30  tim.o(i.HAL_TIM_Base_MspInit)
    HAL_TIM_Base_Start_IT                    0x0800320d   Thumb Code   100  stm32f4xx_hal_tim.o(i.HAL_TIM_Base_Start_IT)
    HAL_TIM_IC_CaptureCallback               0x0800328d   Thumb Code     2  stm32f4xx_hal_tim.o(i.HAL_TIM_IC_CaptureCallback)
    HAL_TIM_IRQHandler                       0x0800328f   Thumb Code   358  stm32f4xx_hal_tim.o(i.HAL_TIM_IRQHandler)
    HAL_TIM_MspPostInit                      0x080033f5   Thumb Code    72  tim.o(i.HAL_TIM_MspPostInit)
    HAL_TIM_OC_DelayElapsedCallback          0x08003449   Thumb Code     2  stm32f4xx_hal_tim.o(i.HAL_TIM_OC_DelayElapsedCallback)
    HAL_TIM_PWM_ConfigChannel                0x0800344b   Thumb Code   204  stm32f4xx_hal_tim.o(i.HAL_TIM_PWM_ConfigChannel)
    HAL_TIM_PWM_Init                         0x08003517   Thumb Code    90  stm32f4xx_hal_tim.o(i.HAL_TIM_PWM_Init)
    HAL_TIM_PWM_MspInit                      0x08003571   Thumb Code     2  stm32f4xx_hal_tim.o(i.HAL_TIM_PWM_MspInit)
    HAL_TIM_PWM_PulseFinishedCallback        0x08003573   Thumb Code     2  stm32f4xx_hal_tim.o(i.HAL_TIM_PWM_PulseFinishedCallback)
    HAL_TIM_PeriodElapsedCallback            0x08003575   Thumb Code    14  main.o(i.HAL_TIM_PeriodElapsedCallback)
    HAL_TIM_TriggerCallback                  0x08003589   Thumb Code     2  stm32f4xx_hal_tim.o(i.HAL_TIM_TriggerCallback)
    HAL_UARTEx_RxEventCallback               0x0800358b   Thumb Code     2  stm32f4xx_hal_uart.o(i.HAL_UARTEx_RxEventCallback)
    HAL_UART_ErrorCallback                   0x0800358d   Thumb Code     2  stm32f4xx_hal_uart.o(i.HAL_UART_ErrorCallback)
    HAL_UART_IRQHandler                      0x08003591   Thumb Code   610  stm32f4xx_hal_uart.o(i.HAL_UART_IRQHandler)
    HAL_UART_Init                            0x080037f9   Thumb Code    98  stm32f4xx_hal_uart.o(i.HAL_UART_Init)
    HAL_UART_MspInit                         0x0800385d   Thumb Code   158  usart.o(i.HAL_UART_MspInit)
    HAL_UART_RxCpltCallback                  0x08003911   Thumb Code     2  stm32f4xx_hal_uart.o(i.HAL_UART_RxCpltCallback)
    HAL_UART_TxCpltCallback                  0x08003913   Thumb Code     2  stm32f4xx_hal_uart.o(i.HAL_UART_TxCpltCallback)
    HardFault_Handler                        0x08003915   Thumb Code     2  stm32f4xx_it.o(i.HardFault_Handler)
    IMU_Send                                 0x08003ce5   Thumb Code    42  imu_send_task.o(i.IMU_Send)
    INS_cali_gyro                            0x08003d19   Thumb Code    92  ins_task.o(i.INS_cali_gyro)
    INS_set_cali_gyro                        0x08003d79   Thumb Code    34  ins_task.o(i.INS_set_cali_gyro)
    INS_task                                 0x08003da1   Thumb Code   558  ins_task.o(i.INS_task)
    M3508_chassis_getInfo                    0x08004001   Thumb Code    54  m3508_motor.o(i.M3508_chassis_getInfo)
    M3508_shoot_getInfo                      0x0800403d   Thumb Code    54  m3508_motor.o(i.M3508_shoot_getInfo)
    M6020_Pitch_getInfo                      0x08004079   Thumb Code    46  m6020_motor.o(i.M6020_Pitch_getInfo)
    M6020_TargetAngle_init                   0x080040ad   Thumb Code    28  m6020_motor.o(i.M6020_TargetAngle_init)
    M6020_Yaw_getInfo                        0x080040d5   Thumb Code    46  m6020_motor.o(i.M6020_Yaw_getInfo)
    MX_CAN1_Init                             0x08004109   Thumb Code    62  can.o(i.MX_CAN1_Init)
    MX_CAN2_Init                             0x08004151   Thumb Code    62  can.o(i.MX_CAN2_Init)
    MX_DMA_Init                              0x08004199   Thumb Code    88  dma.o(i.MX_DMA_Init)
    MX_FREERTOS_Init                         0x080041f5   Thumb Code   118  freertos.o(i.MX_FREERTOS_Init)
    MX_GPIO_Init                             0x08004275   Thumb Code   330  gpio.o(i.MX_GPIO_Init)
    MX_I2C3_Init                             0x080043d5   Thumb Code    50  i2c.o(i.MX_I2C3_Init)
    MX_SPI1_Init                             0x08004415   Thumb Code    62  spi.o(i.MX_SPI1_Init)
    MX_TIM10_Init                            0x0800445d   Thumb Code    92  tim.o(i.MX_TIM10_Init)
    MX_USART3_UART_Init                      0x080044c1   Thumb Code    46  usart.o(i.MX_USART3_UART_Init)
    MahonyAHRSupdate                         0x080044fd   Thumb Code   834  mahonyahrs.o(i.MahonyAHRSupdate)
    MahonyAHRSupdateIMU                      0x08004851   Thumb Code   466  mahonyahrs.o(i.MahonyAHRSupdateIMU)
    MemManage_Handler                        0x08004b11   Thumb Code     2  stm32f4xx_it.o(i.MemManage_Handler)
    NMI_Handler                              0x08004b13   Thumb Code     2  stm32f4xx_it.o(i.NMI_Handler)
    RemoteControl_Output                     0x08004c25   Thumb Code    82  dr16.o(i.RemoteControl_Output)
    Robot_Control                            0x08004c81   Thumb Code    22  robot_control_task.o(i.Robot_Control)
    Robot_Control_Fun                        0x08004c97   Thumb Code    14  robot_control_task.o(i.Robot_Control_Fun)
    Robot_control                            0x08004ca5   Thumb Code   150  chassis_control.o(i.Robot_control)
    SPI1_DMA_enable                          0x08004d61   Thumb Code  4706  bsp_spi.o(i.SPI1_DMA_enable)
    SPI1_DMA_init                            0x08005fd5   Thumb Code   216  bsp_spi.o(i.SPI1_DMA_init)
    SysTick_Handler                          0x0800652d   Thumb Code    38  port.o(i.SysTick_Handler)
    SystemClock_Config                       0x08006559   Thumb Code   140  main.o(i.SystemClock_Config)
    SystemInit                               0x080065ed   Thumb Code    12  system_stm32f4xx.o(i.SystemInit)
    TIM6_DAC_IRQHandler                      0x080065fd   Thumb Code     6  stm32f4xx_it.o(i.TIM6_DAC_IRQHandler)
    TIM_Base_SetConfig                       0x08006609   Thumb Code   156  stm32f4xx_hal_tim.o(i.TIM_Base_SetConfig)
    TIM_OC2_SetConfig                        0x08006731   Thumb Code    98  stm32f4xx_hal_tim.o(i.TIM_OC2_SetConfig)
    USART3_IRQHandler                        0x08006a81   Thumb Code    18  stm32f4xx_it.o(i.USART3_IRQHandler)
    UsageFault_Handler                       0x08006a99   Thumb Code     2  stm32f4xx_it.o(i.UsageFault_Handler)
    __ARM_fpclassify                         0x08006a9b   Thumb Code    48  fpclassify.o(i.__ARM_fpclassify)
    __ARM_fpclassifyf                        0x08006acb   Thumb Code    38  fpclassifyf.o(i.__ARM_fpclassifyf)
    __hardfp_asinf                           0x08006b11   Thumb Code   258  asinf.o(i.__hardfp_asinf)
    __hardfp_atan2f                          0x08006c3d   Thumb Code   594  atan2f.o(i.__hardfp_atan2f)
    __hardfp_cos                             0x08006ee9   Thumb Code   180  cos.o(i.__hardfp_cos)
    __hardfp_sin                             0x08006fb1   Thumb Code   180  sin.o(i.__hardfp_sin)
    __hardfp_sqrt                            0x08007079   Thumb Code   122  sqrt.o(i.__hardfp_sqrt)
    __ieee754_rem_pio2                       0x080070f9   Thumb Code   938  rred.o(i.__ieee754_rem_pio2)
    __kernel_cos                             0x08007531   Thumb Code   322  cos_i.o(i.__kernel_cos)
    __kernel_poly                            0x080076a1   Thumb Code   248  poly.o(i.__kernel_poly)
    __kernel_sin                             0x08007799   Thumb Code   280  sin_i.o(i.__kernel_sin)
    __mathlib_dbl_infnan                     0x080078c9   Thumb Code    20  dunder.o(i.__mathlib_dbl_infnan)
    __mathlib_dbl_invalid                    0x080078e1   Thumb Code    24  dunder.o(i.__mathlib_dbl_invalid)
    __mathlib_dbl_underflow                  0x08007901   Thumb Code    24  dunder.o(i.__mathlib_dbl_underflow)
    __mathlib_flt_infnan                     0x08007921   Thumb Code     6  funder.o(i.__mathlib_flt_infnan)
    __mathlib_flt_infnan2                    0x08007927   Thumb Code     6  funder.o(i.__mathlib_flt_infnan2)
    __mathlib_flt_invalid                    0x0800792d   Thumb Code    10  funder.o(i.__mathlib_flt_invalid)
    __mathlib_flt_underflow                  0x0800793d   Thumb Code    10  funder.o(i.__mathlib_flt_underflow)
    bmi088_accel_init                        0x08007965   Thumb Code   266  bmi088driver.o(i.bmi088_accel_init)
    bmi088_accel_self_test                   0x08007a75   Thumb Code   654  bmi088driver.o(i.bmi088_accel_self_test)
    bmi088_gyro_init                         0x08007d09   Thumb Code   214  bmi088driver.o(i.bmi088_gyro_init)
    bmi088_gyro_self_test                    0x08007de5   Thumb Code   202  bmi088driver.o(i.bmi088_gyro_self_test)
    cali_param_init                          0x08007fe5   Thumb Code   110  calibrate_task.o(i.cali_param_init)
    calibrate_task                           0x0800805d   Thumb Code   186  calibrate_task.o(i.calibrate_task)
    dbus_uart_init                           0x0800812d   Thumb Code    64  dr16.o(i.dbus_uart_init)
    delay_init                               0x08008175   Thumb Code    26  bsp_delay.o(i.delay_init)
    delay_us                                 0x0800819d   Thumb Code    48  bsp_delay.o(i.delay_us)
    fabs                                     0x080081d1   Thumb Code    24  fabs.o(i.fabs)
    flash_erase_address                      0x080081e9   Thumb Code    42  bsp_flash.o(i.flash_erase_address)
    flash_read                               0x08008213   Thumb Code    12  bsp_flash.o(i.flash_read)
    flash_write_single_address               0x08008221   Thumb Code    98  bsp_flash.o(i.flash_write_single_address)
    get_angle                                0x0800834d   Thumb Code   176  ins_task.o(i.get_angle)
    get_next_flash_address                   0x080083fd   Thumb Code   168  bsp_flash.o(i.get_next_flash_address)
    gyro_offset_calc                         0x080084d1   Thumb Code    72  ins_task.o(i.gyro_offset_calc)
    imu_pwm_set                              0x08008719   Thumb Code     8  bmi088driver.o(i.imu_pwm_set)
    invSqrt                                  0x080087a1   Thumb Code    40  mahonyahrs.o(i.invSqrt)
    ist8310_GPIO_init                        0x080087cd   Thumb Code     2  ist8310middleware.o(i.ist8310_GPIO_init)
    ist8310_IIC_read_single_reg              0x080087d1   Thumb Code    32  ist8310middleware.o(i.ist8310_IIC_read_single_reg)
    ist8310_IIC_write_single_reg             0x080087f5   Thumb Code    30  ist8310middleware.o(i.ist8310_IIC_write_single_reg)
    ist8310_RST_H                            0x08008819   Thumb Code    10  ist8310middleware.o(i.ist8310_RST_H)
    ist8310_RST_L                            0x08008829   Thumb Code    10  ist8310middleware.o(i.ist8310_RST_L)
    ist8310_com_init                         0x08008839   Thumb Code     2  ist8310middleware.o(i.ist8310_com_init)
    ist8310_delay_ms                         0x0800883b   Thumb Code     4  ist8310middleware.o(i.ist8310_delay_ms)
    ist8310_init                             0x08008841   Thumb Code   122  ist8310driver.o(i.ist8310_init)
    main                                     0x080088c1   Thumb Code    50  main.o(i.main)
    motor_pid_init                           0x08008901   Thumb Code   266  pid.o(i.motor_pid_init)
    osDelay                                  0x08008a3d   Thumb Code    14  cmsis_os.o(i.osDelay)
    osKernelStart                            0x08008a4b   Thumb Code    10  cmsis_os.o(i.osKernelStart)
    osThreadCreate                           0x08008a55   Thumb Code    84  cmsis_os.o(i.osThreadCreate)
    pcTaskGetName                            0x08008aa9   Thumb Code    28  tasks.o(i.pcTaskGetName)
    pid_CascadeCalc_chassis                  0x08008ac9   Thumb Code    46  pid.o(i.pid_CascadeCalc_chassis)
    pid_CascadeCalc_cloud                    0x08008af7   Thumb Code    46  pid.o(i.pid_CascadeCalc_cloud)
    pid_calc                                 0x08008b25   Thumb Code   166  pid.o(i.pid_calc)
    pid_calc_cloud                           0x08008bcb   Thumb Code   194  pid.o(i.pid_calc_cloud)
    pid_init                                 0x08008c8d   Thumb Code     6  pid.o(i.pid_init)
    pvPortMalloc                             0x08009495   Thumb Code   216  heap_4.o(i.pvPortMalloc)
    pxPortInitialiseStack                    0x08009571   Thumb Code    40  port.o(i.pxPortInitialiseStack)
    set_M3508_chassis_voltage                0x08009635   Thumb Code    76  m3508_motor.o(i.set_M3508_chassis_voltage)
    set_M6020_voltage                        0x08009685   Thumb Code    76  m6020_motor.o(i.set_M6020_voltage)
    sqrtf                                    0x080096d5   Thumb Code    62  sqrtf.o(i.sqrtf)
    uart_receive_handler                     0x08009715   Thumb Code    86  dr16.o(i.uart_receive_handler)
    ulTaskNotifyTake                         0x08009775   Thumb Code    96  tasks.o(i.ulTaskNotifyTake)
    uxListRemove                             0x080097dd   Thumb Code    38  list.o(i.uxListRemove)
    uxTaskGetStackHighWaterMark              0x08009805   Thumb Code    28  tasks.o(i.uxTaskGetStackHighWaterMark)
    vApplicationGetIdleTaskMemory            0x08009825   Thumb Code    16  freertos.o(i.vApplicationGetIdleTaskMemory)
    vApplicationGetTimerTaskMemory           0x08009839   Thumb Code    18  freertos.o(i.vApplicationGetTimerTaskMemory)
    vListInitialise                          0x08009851   Thumb Code    22  list.o(i.vListInitialise)
    vListInitialiseItem                      0x08009867   Thumb Code     6  list.o(i.vListInitialiseItem)
    vListInsert                              0x0800986d   Thumb Code    48  list.o(i.vListInsert)
    vListInsertEnd                           0x0800989d   Thumb Code    24  list.o(i.vListInsertEnd)
    vPortEnterCritical                       0x080098b5   Thumb Code    54  port.o(i.vPortEnterCritical)
    vPortExitCritical                        0x080098f5   Thumb Code    34  port.o(i.vPortExitCritical)
    vPortFree                                0x0800991d   Thumb Code    94  heap_4.o(i.vPortFree)
    vPortSetupTimerInterrupt                 0x08009981   Thumb Code    32  port.o(i.vPortSetupTimerInterrupt)
    vPortValidateInterruptPriority           0x080099a5   Thumb Code    74  port.o(i.vPortValidateInterruptPriority)
    vQueueAddToRegistry                      0x080099f9   Thumb Code    34  queue.o(i.vQueueAddToRegistry)
    vQueueWaitForMessageRestricted           0x08009a21   Thumb Code    68  queue.o(i.vQueueWaitForMessageRestricted)
    vTaskDelay                               0x08009a65   Thumb Code    66  tasks.o(i.vTaskDelay)
    vTaskDelayUntil                          0x08009ab1   Thumb Code   132  tasks.o(i.vTaskDelayUntil)
    vTaskDelete                              0x08009b3d   Thumb Code   158  tasks.o(i.vTaskDelete)
    vTaskInternalSetTimeOutState             0x08009be9   Thumb Code    12  tasks.o(i.vTaskInternalSetTimeOutState)
    vTaskMissedYield                         0x08009bf9   Thumb Code     8  tasks.o(i.vTaskMissedYield)
    vTaskNotifyGiveFromISR                   0x08009c05   Thumb Code   172  tasks.o(i.vTaskNotifyGiveFromISR)
    vTaskPlaceOnEventList                    0x08009cb9   Thumb Code    44  tasks.o(i.vTaskPlaceOnEventList)
    vTaskPlaceOnEventListRestricted          0x08009ce9   Thumb Code    52  tasks.o(i.vTaskPlaceOnEventListRestricted)
    vTaskStartScheduler                      0x08009d21   Thumb Code   118  tasks.o(i.vTaskStartScheduler)
    vTaskSuspendAll                          0x08009da9   Thumb Code    10  tasks.o(i.vTaskSuspendAll)
    vTaskSwitchContext                       0x08009db9   Thumb Code    82  tasks.o(i.vTaskSwitchContext)
    xPortStartScheduler                      0x08009e15   Thumb Code   222  port.o(i.xPortStartScheduler)
    xQueueGenericCreateStatic                0x08009f09   Thumb Code   102  queue.o(i.xQueueGenericCreateStatic)
    xQueueGenericReset                       0x08009f71   Thumb Code   132  queue.o(i.xQueueGenericReset)
    xQueueGenericSend                        0x08009ff9   Thumb Code   346  queue.o(i.xQueueGenericSend)
    xQueueGenericSendFromISR                 0x0800a159   Thumb Code   190  queue.o(i.xQueueGenericSendFromISR)
    xQueueReceive                            0x0800a219   Thumb Code   308  queue.o(i.xQueueReceive)
    xTaskCheckForTimeOut                     0x0800a351   Thumb Code   132  tasks.o(i.xTaskCheckForTimeOut)
    xTaskCreate                              0x0800a3d9   Thumb Code    90  tasks.o(i.xTaskCreate)
    xTaskCreateStatic                        0x0800a433   Thumb Code    86  tasks.o(i.xTaskCreateStatic)
    xTaskGetHandle                           0x0800a489   Thumb Code   124  tasks.o(i.xTaskGetHandle)
    xTaskGetSchedulerState                   0x0800a50d   Thumb Code    22  tasks.o(i.xTaskGetSchedulerState)
    xTaskGetTickCount                        0x0800a529   Thumb Code     6  tasks.o(i.xTaskGetTickCount)
    xTaskIncrementTick                       0x0800a535   Thumb Code   194  tasks.o(i.xTaskIncrementTick)
    xTaskPriorityDisinherit                  0x0800a601   Thumb Code   144  tasks.o(i.xTaskPriorityDisinherit)
    xTaskRemoveFromEventList                 0x0800a699   Thumb Code   108  tasks.o(i.xTaskRemoveFromEventList)
    xTaskResumeAll                           0x0800a70d   Thumb Code   182  tasks.o(i.xTaskResumeAll)
    xTimerCreateTimerTask                    0x0800a7d1   Thumb Code    78  timers.o(i.xTimerCreateTimerTask)
    xTimerGenericCommand                     0x0800a831   Thumb Code    98  timers.o(i.xTimerGenericCommand)
    __aeabi_dneg                             0x0800a899   Thumb Code     0  basic.o(x$fpl$basic)
    _dneg                                    0x0800a899   Thumb Code     6  basic.o(x$fpl$basic)
    __aeabi_fneg                             0x0800a89f   Thumb Code     0  basic.o(x$fpl$basic)
    _fneg                                    0x0800a89f   Thumb Code     6  basic.o(x$fpl$basic)
    _dabs                                    0x0800a8a5   Thumb Code     6  basic.o(x$fpl$basic)
    _fabs                                    0x0800a8ab   Thumb Code     6  basic.o(x$fpl$basic)
    __aeabi_d2f                              0x0800a8b1   Thumb Code     0  d2f.o(x$fpl$d2f)
    _d2f                                     0x0800a8b1   Thumb Code    98  d2f.o(x$fpl$d2f)
    __aeabi_dadd                             0x0800a915   Thumb Code     0  daddsub_clz.o(x$fpl$dadd)
    _dadd                                    0x0800a915   Thumb Code   332  daddsub_clz.o(x$fpl$dadd)
    __aeabi_ddiv                             0x0800aa65   Thumb Code     0  ddiv.o(x$fpl$ddiv)
    _ddiv                                    0x0800aa65   Thumb Code   552  ddiv.o(x$fpl$ddiv)
    __aeabi_d2iz                             0x0800ad15   Thumb Code     0  dfix.o(x$fpl$dfix)
    _dfix                                    0x0800ad15   Thumb Code    94  dfix.o(x$fpl$dfix)
    __aeabi_i2d                              0x0800ad73   Thumb Code     0  dflt_clz.o(x$fpl$dflt)
    _dflt                                    0x0800ad73   Thumb Code    46  dflt_clz.o(x$fpl$dflt)
    __aeabi_ui2d                             0x0800ada1   Thumb Code     0  dflt_clz.o(x$fpl$dfltu)
    _dfltu                                   0x0800ada1   Thumb Code    38  dflt_clz.o(x$fpl$dfltu)
    __aeabi_dmul                             0x0800adc9   Thumb Code     0  dmul.o(x$fpl$dmul)
    _dmul                                    0x0800adc9   Thumb Code   332  dmul.o(x$fpl$dmul)
    __fpl_dnaninf                            0x0800af1d   Thumb Code   156  dnaninf.o(x$fpl$dnaninf)
    __fpl_dretinf                            0x0800afb9   Thumb Code    12  dretinf.o(x$fpl$dretinf)
    __aeabi_drsub                            0x0800afc5   Thumb Code     0  daddsub_clz.o(x$fpl$drsb)
    _drsb                                    0x0800afc5   Thumb Code    22  daddsub_clz.o(x$fpl$drsb)
    _dsqrt                                   0x0800afdd   Thumb Code   404  dsqrt_umaal.o(x$fpl$dsqrt)
    __aeabi_dsub                             0x0800b175   Thumb Code     0  daddsub_clz.o(x$fpl$dsub)
    _dsub                                    0x0800b175   Thumb Code   464  daddsub_clz.o(x$fpl$dsub)
    __aeabi_f2d                              0x0800b349   Thumb Code     0  f2d.o(x$fpl$f2d)
    _f2d                                     0x0800b349   Thumb Code    86  f2d.o(x$fpl$f2d)
    __fpl_fnaninf                            0x0800b39f   Thumb Code   140  fnaninf.o(x$fpl$fnaninf)
    _fp_init                                 0x0800b42b   Thumb Code    10  fpinit.o(x$fpl$fpinit)
    __fplib_config_fpu_vfp                   0x0800b433   Thumb Code     0  fpinit.o(x$fpl$fpinit)
    __fplib_config_pureend_doubles           0x0800b433   Thumb Code     0  fpinit.o(x$fpl$fpinit)
    __fpl_fretinf                            0x0800b435   Thumb Code    10  fretinf.o(x$fpl$fretinf)
    __I$use$fp                               0x0800b43e   Number         0  usenofp.o(x$fpl$usenofp)
    AHBPrescTable                            0x0800b4d4   Data          16  system_stm32f4xx.o(.constdata)
    APBPrescTable                            0x0800b4e4   Data           8  system_stm32f4xx.o(.constdata)
    Region$$Table$$Base                      0x0800b670   Number         0  anon$$obj.o(Region$$Table)
    Region$$Table$$Limit                     0x0800b690   Number         0  anon$$obj.o(Region$$Table)
    calibrate_tast_handle                    0x20000000   Data           4  freertos.o(.data)
    imuTaskHandle                            0x20000004   Data           4  freertos.o(.data)
    RobotCtrl_Handle                         0x20000008   Data           4  freertos.o(.data)
    IMU_Send_TaskHandle                      0x2000000c   Data           4  freertos.o(.data)
    All_InitHandle                           0x20000010   Data           4  freertos.o(.data)
    uwTickFreq                               0x20000018   Data           1  stm32f4xx_hal.o(.data)
    uwTickPrio                               0x2000001c   Data           4  stm32f4xx_hal.o(.data)
    uwTick                                   0x20000020   Data           4  stm32f4xx_hal.o(.data)
    SystemCoreClock                          0x20000024   Data           4  system_stm32f4xx.o(.data)
    pxCurrentTCB                             0x20000028   Data           4  tasks.o(.data)
    twoKp                                    0x200000bc   Data           4  mahonyahrs.o(.data)
    twoKi                                    0x200000c0   Data           4  mahonyahrs.o(.data)
    integralFBx                              0x200000c4   Data           4  mahonyahrs.o(.data)
    integralFBy                              0x200000c8   Data           4  mahonyahrs.o(.data)
    integralFBz                              0x200000cc   Data           4  mahonyahrs.o(.data)
    TwisterFlag                              0x200000d0   Data           1  chassis_control.o(.data)
    imu_start_flag                           0x200000d1   Data           1  chassis_control.o(.data)
    VOmega                                   0x200000d4   Data           4  chassis_control.o(.data)
    speed_buff                               0x200000e0   Data           8  chassis_control.o(.data)
    DR16_Export_Data                         0x200000e8   Data          32  dr16.o(.data)
    ControlSwitch                            0x20000108   Data           2  dr16.o(.data)
    accel_x                                  0x2000010c   Data           2  bmi088driver.o(.data)
    accel_y                                  0x2000010e   Data           2  bmi088driver.o(.data)
    accel_z                                  0x20000110   Data           2  bmi088driver.o(.data)
    BMI088_ACCEL_SEN                         0x20000114   Data           4  bmi088driver.o(.data)
    BMI088_GYRO_SEN                          0x20000118   Data           4  bmi088driver.o(.data)
    Euler_Send                               0x20000140   Data           8  dji_imu.o(.data)
    IMU_CAL                                  0x20000148   Data           2  dji_imu.o(.data)
    cali_hook_fun                            0x20000158   Data           4  calibrate_task.o(.data)
    calibrate_task_stack                     0x2000015c   Data           4  calibrate_task.o(.data)
    gyro_update_flag                         0x20000160   Data           1  ins_task.o(.data)
    accel_update_flag                        0x20000161   Data           1  ins_task.o(.data)
    accel_temp_update_flag                   0x20000162   Data           1  ins_task.o(.data)
    mag_update_flag                          0x20000163   Data           1  ins_task.o(.data)
    imu_start_dma_flag                       0x20000164   Data           1  ins_task.o(.data)
    accel_temp_dma_tx_buf                    0x20000167   Data           4  ins_task.o(.data)
    accel_temp_dma_rx_buf                    0x20000174   Data           4  ins_task.o(.data)
    gyro_dma_tx_buf                          0x20000178   Data           8  ins_task.o(.data)
    gyro_dma_rx_buf                          0x20000180   Data           8  ins_task.o(.data)
    accel_dma_tx_buf                         0x20000188   Data           9  ins_task.o(.data)
    gyro_scale_factor                        0x20000194   Data          36  ins_task.o(.data)
    accel_scale_factor                       0x200001b8   Data          36  ins_task.o(.data)
    mag_scale_factor                         0x200001dc   Data          36  ins_task.o(.data)
    hcan1                                    0x200008a8   Data          40  can.o(.bss)
    hcan2                                    0x200008d0   Data          40  can.o(.bss)
    hi2c3                                    0x200008f8   Data          84  i2c.o(.bss)
    hspi1                                    0x2000094c   Data          88  spi.o(.bss)
    hdma_spi1_rx                             0x200009a4   Data          96  spi.o(.bss)
    hdma_spi1_tx                             0x20000a04   Data          96  spi.o(.bss)
    htim10                                   0x20000a64   Data          72  tim.o(.bss)
    huart3                                   0x20000aac   Data          68  usart.o(.bss)
    hdma_usart3_rx                           0x20000af0   Data          96  usart.o(.bss)
    htim6                                    0x20000b50   Data          72  stm32f4xx_hal_timebase_tim.o(.bss)
    pFlash                                   0x20000b98   Data          32  stm32f4xx_hal_flash.o(.bss)
    xQueueRegistry                           0x20000bb8   Data          64  queue.o(.bss)
    Can1_Export_Data                         0x20006df8   Data          36  bsp_can.o(.bss)
    Can2_Export_Data                         0x20006e1c   Data          36  bsp_can.o(.bss)
    motor_pid_chassis                        0x20006e40   Data         272  pid.o(.bss)
    motor_pid_Cas_Chassis                    0x20006f50   Data         560  pid.o(.bss)
    motor_pid_Cas_Yaw                        0x20007180   Data         140  pid.o(.bss)
    motor_pid_Cas_Pitch                      0x2000720c   Data         140  pid.o(.bss)
    rc                                       0x20007298   Data          12  dr16.o(.bss)
    dbus_buf                                 0x200072a4   Data          18  dr16.o(.bss)
    DJI_C_IMU                                0x200072b8   Data          44  dji_imu.o(.bss)
    M3508s_chassis                           0x200072e4   Data          72  m3508_motor.o(.bss)
    M3508s_shoot                             0x2000732c   Data          36  m3508_motor.o(.bss)
    M6020s_Yaw                               0x20007350   Data          40  m6020_motor.o(.bss)
    M6020s_Pitch                             0x20007378   Data          40  m6020_motor.o(.bss)
    cali_sensor                              0x200073d4   Data          13  calibrate_task.o(.bss)
    imu_Export                               0x200073e4   Data          92  ins_task.o(.bss)
    INS_angle                                0x2000748c   Data          12  ins_task.o(.bss)
    INS_gyro                                 0x20007498   Data          12  ins_task.o(.bss)
    accel_dma_rx_buf                         0x200074a4   Data           9  ins_task.o(.bss)
    bmi088_real_data                         0x200074b0   Data          36  ins_task.o(.bss)
    gyro_offset                              0x200074d4   Data          12  ins_task.o(.bss)
    gyro_cali_offset                         0x200074e0   Data          12  ins_task.o(.bss)
    accel_offset                             0x200074ec   Data          12  ins_task.o(.bss)
    ist8310_real_data                        0x200074f8   Data          16  ins_task.o(.bss)
    mag_offset                               0x20007508   Data          12  ins_task.o(.bss)
    __libspace_start                         0x20007558   Data          96  libspace.o(.bss)
    __temporary_stack_top$libspace           0x200075b8   Data           0  libspace.o(.bss)



==============================================================================

Memory Map of the image

  Image Entry point : 0x08000189

  Load Region LR_IROM1 (Base: 0x08000000, Size: 0x0000b890, Max: 0x00100000, ABSOLUTE, COMPRESSED[0x0000b704])

    Execution Region ER_IROM1 (Exec base: 0x08000000, Load base: 0x08000000, Size: 0x0000b690, Max: 0x00100000, ABSOLUTE)

    Exec Addr    Load Addr    Size         Type   Attr      Idx    E Section Name        Object

    0x08000000   0x08000000   0x00000188   Data   RO            3    RESET               startup_stm32f407xx.o
    0x08000188   0x08000188   0x00000008   Code   RO         7045  * !!!main             c_w.l(__main.o)
    0x08000190   0x08000190   0x00000034   Code   RO         7394    !!!scatter          c_w.l(__scatter.o)
    0x080001c4   0x080001c4   0x0000005a   Code   RO         7392    !!dczerorl2         c_w.l(__dczerorl2.o)
    0x0800021e   0x0800021e   0x00000002   PAD
    0x08000220   0x08000220   0x0000001c   Code   RO         7396    !!handler_zi        c_w.l(__scatter_zi.o)
    0x0800023c   0x0800023c   0x00000002   Code   RO         7263    .ARM.Collect$$libinit$$00000000  c_w.l(libinit.o)
    0x0800023e   0x0800023e   0x00000004   Code   RO         7272    .ARM.Collect$$libinit$$00000001  c_w.l(libinit2.o)
    0x08000242   0x08000242   0x00000000   Code   RO         7275    .ARM.Collect$$libinit$$00000004  c_w.l(libinit2.o)
    0x08000242   0x08000242   0x00000000   Code   RO         7278    .ARM.Collect$$libinit$$0000000A  c_w.l(libinit2.o)
    0x08000242   0x08000242   0x00000000   Code   RO         7280    .ARM.Collect$$libinit$$0000000C  c_w.l(libinit2.o)
    0x08000242   0x08000242   0x00000000   Code   RO         7282    .ARM.Collect$$libinit$$0000000E  c_w.l(libinit2.o)
    0x08000242   0x08000242   0x00000000   Code   RO         7285    .ARM.Collect$$libinit$$00000011  c_w.l(libinit2.o)
    0x08000242   0x08000242   0x00000000   Code   RO         7287    .ARM.Collect$$libinit$$00000013  c_w.l(libinit2.o)
    0x08000242   0x08000242   0x00000000   Code   RO         7289    .ARM.Collect$$libinit$$00000015  c_w.l(libinit2.o)
    0x08000242   0x08000242   0x00000000   Code   RO         7291    .ARM.Collect$$libinit$$00000017  c_w.l(libinit2.o)
    0x08000242   0x08000242   0x00000000   Code   RO         7293    .ARM.Collect$$libinit$$00000019  c_w.l(libinit2.o)
    0x08000242   0x08000242   0x00000000   Code   RO         7295    .ARM.Collect$$libinit$$0000001B  c_w.l(libinit2.o)
    0x08000242   0x08000242   0x00000000   Code   RO         7297    .ARM.Collect$$libinit$$0000001D  c_w.l(libinit2.o)
    0x08000242   0x08000242   0x00000000   Code   RO         7299    .ARM.Collect$$libinit$$0000001F  c_w.l(libinit2.o)
    0x08000242   0x08000242   0x00000000   Code   RO         7301    .ARM.Collect$$libinit$$00000021  c_w.l(libinit2.o)
    0x08000242   0x08000242   0x00000000   Code   RO         7303    .ARM.Collect$$libinit$$00000023  c_w.l(libinit2.o)
    0x08000242   0x08000242   0x00000000   Code   RO         7305    .ARM.Collect$$libinit$$00000025  c_w.l(libinit2.o)
    0x08000242   0x08000242   0x00000000   Code   RO         7309    .ARM.Collect$$libinit$$0000002C  c_w.l(libinit2.o)
    0x08000242   0x08000242   0x00000000   Code   RO         7311    .ARM.Collect$$libinit$$0000002E  c_w.l(libinit2.o)
    0x08000242   0x08000242   0x00000000   Code   RO         7313    .ARM.Collect$$libinit$$00000030  c_w.l(libinit2.o)
    0x08000242   0x08000242   0x00000000   Code   RO         7315    .ARM.Collect$$libinit$$00000032  c_w.l(libinit2.o)
    0x08000242   0x08000242   0x00000002   Code   RO         7316    .ARM.Collect$$libinit$$00000033  c_w.l(libinit2.o)
    0x08000244   0x08000244   0x00000002   Code   RO         7347    .ARM.Collect$$libshutdown$$00000000  c_w.l(libshutdown.o)
    0x08000246   0x08000246   0x00000000   Code   RO         7373    .ARM.Collect$$libshutdown$$00000002  c_w.l(libshutdown2.o)
    0x08000246   0x08000246   0x00000000   Code   RO         7375    .ARM.Collect$$libshutdown$$00000004  c_w.l(libshutdown2.o)
    0x08000246   0x08000246   0x00000000   Code   RO         7377    .ARM.Collect$$libshutdown$$00000006  c_w.l(libshutdown2.o)
    0x08000246   0x08000246   0x00000000   Code   RO         7380    .ARM.Collect$$libshutdown$$00000009  c_w.l(libshutdown2.o)
    0x08000246   0x08000246   0x00000000   Code   RO         7383    .ARM.Collect$$libshutdown$$0000000C  c_w.l(libshutdown2.o)
    0x08000246   0x08000246   0x00000000   Code   RO         7385    .ARM.Collect$$libshutdown$$0000000E  c_w.l(libshutdown2.o)
    0x08000246   0x08000246   0x00000000   Code   RO         7388    .ARM.Collect$$libshutdown$$00000011  c_w.l(libshutdown2.o)
    0x08000246   0x08000246   0x00000002   Code   RO         7389    .ARM.Collect$$libshutdown$$00000012  c_w.l(libshutdown2.o)
    0x08000248   0x08000248   0x00000000   Code   RO         7119    .ARM.Collect$$rtentry$$00000000  c_w.l(__rtentry.o)
    0x08000248   0x08000248   0x00000000   Code   RO         7200    .ARM.Collect$$rtentry$$00000002  c_w.l(__rtentry2.o)
    0x08000248   0x08000248   0x00000006   Code   RO         7212    .ARM.Collect$$rtentry$$00000004  c_w.l(__rtentry4.o)
    0x0800024e   0x0800024e   0x00000000   Code   RO         7202    .ARM.Collect$$rtentry$$00000009  c_w.l(__rtentry2.o)
    0x0800024e   0x0800024e   0x00000004   Code   RO         7203    .ARM.Collect$$rtentry$$0000000A  c_w.l(__rtentry2.o)
    0x08000252   0x08000252   0x00000000   Code   RO         7205    .ARM.Collect$$rtentry$$0000000C  c_w.l(__rtentry2.o)
    0x08000252   0x08000252   0x00000008   Code   RO         7206    .ARM.Collect$$rtentry$$0000000D  c_w.l(__rtentry2.o)
    0x0800025a   0x0800025a   0x00000002   Code   RO         7264    .ARM.Collect$$rtexit$$00000000  c_w.l(rtexit.o)
    0x0800025c   0x0800025c   0x00000000   Code   RO         7320    .ARM.Collect$$rtexit$$00000002  c_w.l(rtexit2.o)
    0x0800025c   0x0800025c   0x00000004   Code   RO         7321    .ARM.Collect$$rtexit$$00000003  c_w.l(rtexit2.o)
    0x08000260   0x08000260   0x00000006   Code   RO         7322    .ARM.Collect$$rtexit$$00000004  c_w.l(rtexit2.o)
    0x08000266   0x08000266   0x00000002   PAD
    0x08000268   0x08000268   0x000000be   Code   RO         5722    .emb_text           port.o
    0x08000326   0x08000326   0x00000002   PAD
    0x08000328   0x08000328   0x00000040   Code   RO            4    .text               startup_stm32f407xx.o
    0x08000368   0x08000368   0x000000ee   Code   RO         7029    .text               c_w.l(lludivv7m.o)
    0x08000456   0x08000456   0x0000003e   Code   RO         7031    .text               c_w.l(strlen.o)
    0x08000494   0x08000494   0x0000008a   Code   RO         7033    .text               c_w.l(rt_memcpy_v6.o)
    0x0800051e   0x0800051e   0x00000064   Code   RO         7035    .text               c_w.l(rt_memcpy_w.o)
    0x08000582   0x08000582   0x00000010   Code   RO         7039    .text               c_w.l(aeabi_memset.o)
    0x08000592   0x08000592   0x0000004e   Code   RO         7041    .text               c_w.l(rt_memclr_w.o)
    0x080005e0   0x080005e0   0x00000006   Code   RO         7043    .text               c_w.l(heapauxi.o)
    0x080005e6   0x080005e6   0x00000016   Code   RO         7124    .text               c_w.l(_rserrno.o)
    0x080005fc   0x080005fc   0x00000044   Code   RO         7126    .text               c_w.l(rt_memclr.o)
    0x08000640   0x08000640   0x00000008   Code   RO         7219    .text               c_w.l(rt_errno_addr_intlibspace.o)
    0x08000648   0x08000648   0x00000008   Code   RO         7247    .text               c_w.l(libspace.o)
    0x08000650   0x08000650   0x0000004a   Code   RO         7250    .text               c_w.l(sys_stackheap_outer.o)
    0x0800069a   0x0800069a   0x00000012   Code   RO         7252    .text               c_w.l(exit.o)
    0x080006ac   0x080006ac   0x0000000c   Code   RO         7317    .text               c_w.l(sys_exit.o)
    0x080006b8   0x080006b8   0x00000002   Code   RO         7336    .text               c_w.l(use_no_semi.o)
    0x080006ba   0x080006ba   0x00000000   Code   RO         7338    .text               c_w.l(indicate_semi.o)
    0x080006ba   0x080006ba   0x00000002   PAD
    0x080006bc   0x080006bc   0x00000020   Code   RO         6872    i.AHRS_init         ins_task.o
    0x080006dc   0x080006dc   0x00000010   Code   RO         6873    i.AHRS_update       ins_task.o
    0x080006ec   0x080006ec   0x00000050   Code   RO          259    i.All_Init_Run      freertos.o
    0x0800073c   0x0800073c   0x00000010   Code   RO         6412    i.BMI088_ACCEL_NS_H  bmi088middleware.o
    0x0800074c   0x0800074c   0x00000010   Code   RO         6413    i.BMI088_ACCEL_NS_L  bmi088middleware.o
    0x0800075c   0x0800075c   0x00000002   Code   RO         6414    i.BMI088_Com_Init   bmi088middleware.o
    0x0800075e   0x0800075e   0x00000004   Code   RO         6415    i.BMI088_Delay_ms   bmi088middleware.o
    0x08000762   0x08000762   0x00000004   Code   RO         6416    i.BMI088_Delay_us   bmi088middleware.o
    0x08000766   0x08000766   0x00000002   Code   RO         6417    i.BMI088_GPIO_Init  bmi088middleware.o
    0x08000768   0x08000768   0x00000010   Code   RO         6418    i.BMI088_GYRO_NS_H  bmi088middleware.o
    0x08000778   0x08000778   0x00000010   Code   RO         6419    i.BMI088_GYRO_NS_L  bmi088middleware.o
    0x08000788   0x08000788   0x0000002e   Code   RO         6256    i.BMI088_Init       bmi088driver.o
    0x080007b6   0x080007b6   0x00000002   PAD
    0x080007b8   0x080007b8   0x00000160   Code   RO         6257    i.BMI088_Read       bmi088driver.o
    0x08000918   0x08000918   0x00000024   Code   RO         6258    i.BMI088_Read_Muli_Reg  bmi088driver.o
    0x0800093c   0x0800093c   0x00000016   Code   RO         6259    i.BMI088_Read_Single_Reg  bmi088driver.o
    0x08000952   0x08000952   0x00000002   PAD
    0x08000954   0x08000954   0x00000020   Code   RO         6420    i.BMI088_Read_Write_Byte  bmi088middleware.o
    0x08000974   0x08000974   0x00000012   Code   RO         6260    i.BMI088_Write_Single_Reg  bmi088driver.o
    0x08000986   0x08000986   0x00000002   PAD
    0x08000988   0x08000988   0x00000088   Code   RO         6261    i.BMI088_accel_read_over  bmi088driver.o
    0x08000a10   0x08000a10   0x00000060   Code   RO         6262    i.BMI088_gyro_read_over  bmi088driver.o
    0x08000a70   0x08000a70   0x0000002e   Code   RO         6265    i.BMI088_temperature_read_over  bmi088driver.o
    0x08000a9e   0x08000a9e   0x00000002   Code   RO          614    i.BusFault_Handler  stm32f4xx_it.o
    0x08000aa0   0x08000aa0   0x0000000c   Code   RO          615    i.CAN1_RX0_IRQHandler  stm32f4xx_it.o
    0x08000aac   0x08000aac   0x0000000c   Code   RO          616    i.CAN2_RX0_IRQHandler  stm32f4xx_it.o
    0x08000ab8   0x08000ab8   0x0000003c   Code   RO         5802    i.CAN_1_Filter_Config  bsp_can.o
    0x08000af4   0x08000af4   0x0000003c   Code   RO         5803    i.CAN_2_Filter_Config  bsp_can.o
    0x08000b30   0x08000b30   0x0000001e   Code   RO         6167    i.ComputeMinOffset  cloud_control.o
    0x08000b4e   0x08000b4e   0x00000002   PAD
    0x08000b50   0x08000b50   0x0000000c   Code   RO          617    i.DMA1_Stream1_IRQHandler  stm32f4xx_it.o
    0x08000b5c   0x08000b5c   0x000002d4   Code   RO         6874    i.DMA2_Stream2_IRQHandler  ins_task.o
    0x08000e30   0x08000e30   0x00000028   Code   RO         1485    i.DMA_CalcBaseAndBitshift  stm32f4xx_hal_dma.o
    0x08000e58   0x08000e58   0x00000054   Code   RO         1486    i.DMA_CheckFifoParam  stm32f4xx_hal_dma.o
    0x08000eac   0x08000eac   0x00000028   Code   RO         1487    i.DMA_SetConfig     stm32f4xx_hal_dma.o
    0x08000ed4   0x08000ed4   0x00000002   Code   RO          618    i.DebugMon_Handler  stm32f4xx_it.o
    0x08000ed6   0x08000ed6   0x00000006   Code   RO          619    i.EXTI0_IRQHandler  stm32f4xx_it.o
    0x08000edc   0x08000edc   0x00000006   Code   RO          620    i.EXTI3_IRQHandler  stm32f4xx_it.o
    0x08000ee2   0x08000ee2   0x00000006   Code   RO          621    i.EXTI4_IRQHandler  stm32f4xx_it.o
    0x08000ee8   0x08000ee8   0x00000006   Code   RO          622    i.EXTI9_5_IRQHandler  stm32f4xx_it.o
    0x08000eee   0x08000eee   0x00000004   Code   RO           13    i.Error_Handler     main.o
    0x08000ef2   0x08000ef2   0x00000002   PAD
    0x08000ef4   0x08000ef4   0x000000e8   Code   RO         6602    i.Euler_Send_Fun    dji_imu.o
    0x08000fdc   0x08000fdc   0x00000050   Code   RO         1300    i.FLASH_Erase_Sector  stm32f4xx_hal_flash_ex.o
    0x0800102c   0x0800102c   0x00000054   Code   RO         1301    i.FLASH_FlushCaches  stm32f4xx_hal_flash_ex.o
    0x08001080   0x08001080   0x00000028   Code   RO         1302    i.FLASH_MassErase   stm32f4xx_hal_flash_ex.o
    0x080010a8   0x080010a8   0x00000020   Code   RO         1182    i.FLASH_Program_Byte  stm32f4xx_hal_flash.o
    0x080010c8   0x080010c8   0x0000002c   Code   RO         1183    i.FLASH_Program_DoubleWord  stm32f4xx_hal_flash.o
    0x080010f4   0x080010f4   0x00000024   Code   RO         1184    i.FLASH_Program_HalfWord  stm32f4xx_hal_flash.o
    0x08001118   0x08001118   0x00000024   Code   RO         1185    i.FLASH_Program_Word  stm32f4xx_hal_flash.o
    0x0800113c   0x0800113c   0x00000068   Code   RO         1186    i.FLASH_SetErrorCode  stm32f4xx_hal_flash.o
    0x080011a4   0x080011a4   0x00000050   Code   RO         1187    i.FLASH_WaitForLastOperation  stm32f4xx_hal_flash.o
    0x080011f4   0x080011f4   0x00000024   Code   RO          793    i.HAL_CAN_ActivateNotification  stm32f4xx_hal_can.o
    0x08001218   0x08001218   0x000000dc   Code   RO          794    i.HAL_CAN_AddTxMessage  stm32f4xx_hal_can.o
    0x080012f4   0x080012f4   0x0000010c   Code   RO          795    i.HAL_CAN_ConfigFilter  stm32f4xx_hal_can.o
    0x08001400   0x08001400   0x00000002   Code   RO          798    i.HAL_CAN_ErrorCallback  stm32f4xx_hal_can.o
    0x08001402   0x08001402   0x000000e8   Code   RO          801    i.HAL_CAN_GetRxMessage  stm32f4xx_hal_can.o
    0x080014ea   0x080014ea   0x000001fc   Code   RO          805    i.HAL_CAN_IRQHandler  stm32f4xx_hal_can.o
    0x080016e6   0x080016e6   0x0000011a   Code   RO          806    i.HAL_CAN_Init      stm32f4xx_hal_can.o
    0x08001800   0x08001800   0x000000fc   Code   RO          368    i.HAL_CAN_MspInit   can.o
    0x080018fc   0x080018fc   0x00000002   Code   RO          813    i.HAL_CAN_RxFifo0FullCallback  stm32f4xx_hal_can.o
    0x080018fe   0x080018fe   0x00000002   PAD
    0x08001900   0x08001900   0x000000c8   Code   RO         5804    i.HAL_CAN_RxFifo0MsgPendingCallback  bsp_can.o
    0x080019c8   0x080019c8   0x00000002   Code   RO          815    i.HAL_CAN_RxFifo1FullCallback  stm32f4xx_hal_can.o
    0x080019ca   0x080019ca   0x00000002   Code   RO          816    i.HAL_CAN_RxFifo1MsgPendingCallback  stm32f4xx_hal_can.o
    0x080019cc   0x080019cc   0x00000002   Code   RO          817    i.HAL_CAN_SleepCallback  stm32f4xx_hal_can.o
    0x080019ce   0x080019ce   0x00000002   PAD
    0x080019d0   0x080019d0   0x00000058   Code   RO          818    i.HAL_CAN_Start     stm32f4xx_hal_can.o
    0x08001a28   0x08001a28   0x00000002   Code   RO          820    i.HAL_CAN_TxMailbox0AbortCallback  stm32f4xx_hal_can.o
    0x08001a2a   0x08001a2a   0x00000002   Code   RO          821    i.HAL_CAN_TxMailbox0CompleteCallback  stm32f4xx_hal_can.o
    0x08001a2c   0x08001a2c   0x00000002   Code   RO          822    i.HAL_CAN_TxMailbox1AbortCallback  stm32f4xx_hal_can.o
    0x08001a2e   0x08001a2e   0x00000002   Code   RO          823    i.HAL_CAN_TxMailbox1CompleteCallback  stm32f4xx_hal_can.o
    0x08001a30   0x08001a30   0x00000002   Code   RO          824    i.HAL_CAN_TxMailbox2AbortCallback  stm32f4xx_hal_can.o
    0x08001a32   0x08001a32   0x00000002   Code   RO          825    i.HAL_CAN_TxMailbox2CompleteCallback  stm32f4xx_hal_can.o
    0x08001a34   0x08001a34   0x00000002   Code   RO          827    i.HAL_CAN_WakeUpFromRxMsgCallback  stm32f4xx_hal_can.o
    0x08001a36   0x08001a36   0x00000092   Code   RO         1488    i.HAL_DMA_Abort     stm32f4xx_hal_dma.o
    0x08001ac8   0x08001ac8   0x00000024   Code   RO         1489    i.HAL_DMA_Abort_IT  stm32f4xx_hal_dma.o
    0x08001aec   0x08001aec   0x000001a0   Code   RO         1493    i.HAL_DMA_IRQHandler  stm32f4xx_hal_dma.o
    0x08001c8c   0x08001c8c   0x000000d4   Code   RO         1494    i.HAL_DMA_Init      stm32f4xx_hal_dma.o
    0x08001d60   0x08001d60   0x00000046   Code   RO         1497    i.HAL_DMA_Start     stm32f4xx_hal_dma.o
    0x08001da6   0x08001da6   0x00000002   PAD
    0x08001da8   0x08001da8   0x00000098   Code   RO         1303    i.HAL_FLASHEx_Erase  stm32f4xx_hal_flash_ex.o
    0x08001e40   0x08001e40   0x00000014   Code   RO         1191    i.HAL_FLASH_Lock    stm32f4xx_hal_flash.o
    0x08001e54   0x08001e54   0x0000007c   Code   RO         1196    i.HAL_FLASH_Program  stm32f4xx_hal_flash.o
    0x08001ed0   0x08001ed0   0x0000002c   Code   RO         1198    i.HAL_FLASH_Unlock  stm32f4xx_hal_flash.o
    0x08001efc   0x08001efc   0x0000006c   Code   RO         6875    i.HAL_GPIO_EXTI_Callback  ins_task.o
    0x08001f68   0x08001f68   0x00000018   Code   RO         1380    i.HAL_GPIO_EXTI_IRQHandler  stm32f4xx_hal_gpio.o
    0x08001f80   0x08001f80   0x000001f0   Code   RO         1381    i.HAL_GPIO_Init     stm32f4xx_hal_gpio.o
    0x08002170   0x08002170   0x0000000a   Code   RO         1383    i.HAL_GPIO_ReadPin  stm32f4xx_hal_gpio.o
    0x0800217a   0x0800217a   0x0000000a   Code   RO         1385    i.HAL_GPIO_WritePin  stm32f4xx_hal_gpio.o
    0x08002184   0x08002184   0x0000000c   Code   RO         1913    i.HAL_GetTick       stm32f4xx_hal.o
    0x08002190   0x08002190   0x00000188   Code   RO         2169    i.HAL_I2C_Init      stm32f4xx_hal_i2c.o
    0x08002318   0x08002318   0x000001f8   Code   RO         2187    i.HAL_I2C_Mem_Read  stm32f4xx_hal_i2c.o
    0x08002510   0x08002510   0x00000130   Code   RO         2190    i.HAL_I2C_Mem_Write  stm32f4xx_hal_i2c.o
    0x08002640   0x08002640   0x00000094   Code   RO          441    i.HAL_I2C_MspInit   i2c.o
    0x080026d4   0x080026d4   0x00000010   Code   RO         1919    i.HAL_IncTick       stm32f4xx_hal.o
    0x080026e4   0x080026e4   0x00000034   Code   RO         1920    i.HAL_Init          stm32f4xx_hal.o
    0x08002718   0x08002718   0x00000098   Code   RO          753    i.HAL_InitTick      stm32f4xx_hal_timebase_tim.o
    0x080027b0   0x080027b0   0x00000038   Code   RO          729    i.HAL_MspInit       stm32f4xx_hal_msp.o
    0x080027e8   0x080027e8   0x0000001a   Code   RO         1770    i.HAL_NVIC_EnableIRQ  stm32f4xx_hal_cortex.o
    0x08002802   0x08002802   0x00000002   PAD
    0x08002804   0x08002804   0x00000040   Code   RO         1776    i.HAL_NVIC_SetPriority  stm32f4xx_hal_cortex.o
    0x08002844   0x08002844   0x00000024   Code   RO         1777    i.HAL_NVIC_SetPriorityGrouping  stm32f4xx_hal_cortex.o
    0x08002868   0x08002868   0x00000134   Code   RO         1027    i.HAL_RCC_ClockConfig  stm32f4xx_hal_rcc.o
    0x0800299c   0x0800299c   0x00000040   Code   RO         1031    i.HAL_RCC_GetClockConfig  stm32f4xx_hal_rcc.o
    0x080029dc   0x080029dc   0x00000020   Code   RO         1034    i.HAL_RCC_GetPCLK1Freq  stm32f4xx_hal_rcc.o
    0x080029fc   0x080029fc   0x00000020   Code   RO         1035    i.HAL_RCC_GetPCLK2Freq  stm32f4xx_hal_rcc.o
    0x08002a1c   0x08002a1c   0x00000064   Code   RO         1036    i.HAL_RCC_GetSysClockFreq  stm32f4xx_hal_rcc.o
    0x08002a80   0x08002a80   0x0000036c   Code   RO         1039    i.HAL_RCC_OscConfig  stm32f4xx_hal_rcc.o
    0x08002dec   0x08002dec   0x000000bc   Code   RO         2619    i.HAL_SPI_Init      stm32f4xx_hal_spi.o
    0x08002ea8   0x08002ea8   0x000000fc   Code   RO          483    i.HAL_SPI_MspInit   spi.o
    0x08002fa4   0x08002fa4   0x000001e2   Code   RO         2628    i.HAL_SPI_TransmitReceive  stm32f4xx_hal_spi.o
    0x08003186   0x08003186   0x00000002   Code   RO         3636    i.HAL_TIMEx_BreakCallback  stm32f4xx_hal_tim_ex.o
    0x08003188   0x08003188   0x00000002   Code   RO         3637    i.HAL_TIMEx_CommutCallback  stm32f4xx_hal_tim_ex.o
    0x0800318a   0x0800318a   0x0000005a   Code   RO         2932    i.HAL_TIM_Base_Init  stm32f4xx_hal_tim.o
    0x080031e4   0x080031e4   0x00000028   Code   RO          525    i.HAL_TIM_Base_MspInit  tim.o
    0x0800320c   0x0800320c   0x00000080   Code   RO         2937    i.HAL_TIM_Base_Start_IT  stm32f4xx_hal_tim.o
    0x0800328c   0x0800328c   0x00000002   Code   RO         2966    i.HAL_TIM_IC_CaptureCallback  stm32f4xx_hal_tim.o
    0x0800328e   0x0800328e   0x00000166   Code   RO         2980    i.HAL_TIM_IRQHandler  stm32f4xx_hal_tim.o
    0x080033f4   0x080033f4   0x00000054   Code   RO          526    i.HAL_TIM_MspPostInit  tim.o
    0x08003448   0x08003448   0x00000002   Code   RO         2983    i.HAL_TIM_OC_DelayElapsedCallback  stm32f4xx_hal_tim.o
    0x0800344a   0x0800344a   0x000000cc   Code   RO         3004    i.HAL_TIM_PWM_ConfigChannel  stm32f4xx_hal_tim.o
    0x08003516   0x08003516   0x0000005a   Code   RO         3007    i.HAL_TIM_PWM_Init  stm32f4xx_hal_tim.o
    0x08003570   0x08003570   0x00000002   Code   RO         3009    i.HAL_TIM_PWM_MspInit  stm32f4xx_hal_tim.o
    0x08003572   0x08003572   0x00000002   Code   RO         3010    i.HAL_TIM_PWM_PulseFinishedCallback  stm32f4xx_hal_tim.o
    0x08003574   0x08003574   0x00000014   Code   RO           14    i.HAL_TIM_PeriodElapsedCallback  main.o
    0x08003588   0x08003588   0x00000002   Code   RO         3023    i.HAL_TIM_TriggerCallback  stm32f4xx_hal_tim.o
    0x0800358a   0x0800358a   0x00000002   Code   RO         3914    i.HAL_UARTEx_RxEventCallback  stm32f4xx_hal_uart.o
    0x0800358c   0x0800358c   0x00000002   Code   RO         3928    i.HAL_UART_ErrorCallback  stm32f4xx_hal_uart.o
    0x0800358e   0x0800358e   0x00000002   PAD
    0x08003590   0x08003590   0x00000268   Code   RO         3931    i.HAL_UART_IRQHandler  stm32f4xx_hal_uart.o
    0x080037f8   0x080037f8   0x00000062   Code   RO         3932    i.HAL_UART_Init     stm32f4xx_hal_uart.o
    0x0800385a   0x0800385a   0x00000002   PAD
    0x0800385c   0x0800385c   0x000000b4   Code   RO          573    i.HAL_UART_MspInit  usart.o
    0x08003910   0x08003910   0x00000002   Code   RO         3938    i.HAL_UART_RxCpltCallback  stm32f4xx_hal_uart.o
    0x08003912   0x08003912   0x00000002   Code   RO         3943    i.HAL_UART_TxCpltCallback  stm32f4xx_hal_uart.o
    0x08003914   0x08003914   0x00000002   Code   RO          623    i.HardFault_Handler  stm32f4xx_it.o
    0x08003916   0x08003916   0x0000002e   Code   RO         2211    i.I2C_IsAcknowledgeFailed  stm32f4xx_hal_i2c.o
    0x08003944   0x08003944   0x000000fc   Code   RO         2221    i.I2C_RequestMemoryRead  stm32f4xx_hal_i2c.o
    0x08003a40   0x08003a40   0x000000a8   Code   RO         2222    i.I2C_RequestMemoryWrite  stm32f4xx_hal_i2c.o
    0x08003ae8   0x08003ae8   0x0000004c   Code   RO         2226    i.I2C_WaitOnBTFFlagUntilTimeout  stm32f4xx_hal_i2c.o
    0x08003b34   0x08003b34   0x00000068   Code   RO         2227    i.I2C_WaitOnFlagUntilTimeout  stm32f4xx_hal_i2c.o
    0x08003b9c   0x08003b9c   0x00000096   Code   RO         2228    i.I2C_WaitOnMasterAddressFlagUntilTimeout  stm32f4xx_hal_i2c.o
    0x08003c32   0x08003c32   0x00000066   Code   RO         2229    i.I2C_WaitOnRXNEFlagUntilTimeout  stm32f4xx_hal_i2c.o
    0x08003c98   0x08003c98   0x0000004c   Code   RO         2230    i.I2C_WaitOnTXEFlagUntilTimeout  stm32f4xx_hal_i2c.o
    0x08003ce4   0x08003ce4   0x00000034   Code   RO         6841    i.IMU_Send          imu_send_task.o
    0x08003d18   0x08003d18   0x00000060   Code   RO         6876    i.INS_cali_gyro     ins_task.o
    0x08003d78   0x08003d78   0x00000028   Code   RO         6877    i.INS_set_cali_gyro  ins_task.o
    0x08003da0   0x08003da0   0x00000260   Code   RO         6878    i.INS_task          ins_task.o
    0x08004000   0x08004000   0x0000003c   Code   RO         6684    i.M3508_chassis_getInfo  m3508_motor.o
    0x0800403c   0x0800403c   0x0000003c   Code   RO         6685    i.M3508_shoot_getInfo  m3508_motor.o
    0x08004078   0x08004078   0x00000034   Code   RO         6732    i.M6020_Pitch_getInfo  m6020_motor.o
    0x080040ac   0x080040ac   0x00000028   Code   RO         6733    i.M6020_TargetAngle_init  m6020_motor.o
    0x080040d4   0x080040d4   0x00000034   Code   RO         6734    i.M6020_Yaw_getInfo  m6020_motor.o
    0x08004108   0x08004108   0x00000048   Code   RO          369    i.MX_CAN1_Init      can.o
    0x08004150   0x08004150   0x00000048   Code   RO          370    i.MX_CAN2_Init      can.o
    0x08004198   0x08004198   0x0000005c   Code   RO          416    i.MX_DMA_Init       dma.o
    0x080041f4   0x080041f4   0x00000080   Code   RO          260    i.MX_FREERTOS_Init  freertos.o
    0x08004274   0x08004274   0x00000160   Code   RO          232    i.MX_GPIO_Init      gpio.o
    0x080043d4   0x080043d4   0x00000040   Code   RO          442    i.MX_I2C3_Init      i2c.o
    0x08004414   0x08004414   0x00000048   Code   RO          484    i.MX_SPI1_Init      spi.o
    0x0800445c   0x0800445c   0x00000064   Code   RO          527    i.MX_TIM10_Init     tim.o
    0x080044c0   0x080044c0   0x0000003c   Code   RO          574    i.MX_USART3_UART_Init  usart.o
    0x080044fc   0x080044fc   0x00000354   Code   RO         5980    i.MahonyAHRSupdate  mahonyahrs.o
    0x08004850   0x08004850   0x000001e4   Code   RO         5981    i.MahonyAHRSupdateIMU  mahonyahrs.o
    0x08004a34   0x08004a34   0x000000dc   Code   RO         6109    i.MecanumCalculate  chassis_control.o
    0x08004b10   0x08004b10   0x00000002   Code   RO          624    i.MemManage_Handler  stm32f4xx_it.o
    0x08004b12   0x08004b12   0x00000002   Code   RO          625    i.NMI_Handler       stm32f4xx_it.o
    0x08004b14   0x08004b14   0x00000110   Code   RO         6110    i.Omnidirectional_Formula  chassis_control.o
    0x08004c24   0x08004c24   0x0000005c   Code   RO         6197    i.RemoteControl_Output  dr16.o
    0x08004c80   0x08004c80   0x00000016   Code   RO         6991    i.Robot_Control     robot_control_task.o
    0x08004c96   0x08004c96   0x0000000e   Code   RO         6992    i.Robot_Control_Fun  robot_control_task.o
    0x08004ca4   0x08004ca4   0x000000bc   Code   RO         6111    i.Robot_control     chassis_control.o
    0x08004d60   0x08004d60   0x00001274   Code   RO         5949    i.SPI1_DMA_enable   bsp_spi.o
    0x08005fd4   0x08005fd4   0x000000f0   Code   RO         5950    i.SPI1_DMA_init     bsp_spi.o
    0x080060c4   0x080060c4   0x00000058   Code   RO         2657    i.SPI_EndRxTxTransaction  stm32f4xx_hal_spi.o
    0x0800611c   0x0800611c   0x000000b8   Code   RO         2662    i.SPI_WaitFlagStateUntilTimeout  stm32f4xx_hal_spi.o
    0x080061d4   0x080061d4   0x000001c4   Code   RO         6112    i.Ship_ChassisWorkMode_follow  chassis_control.o
    0x08006398   0x08006398   0x00000194   Code   RO         6113    i.Ship_ChassisWorkMode_niuyao  chassis_control.o
    0x0800652c   0x0800652c   0x0000002c   Code   RO         5723    i.SysTick_Handler   port.o
    0x08006558   0x08006558   0x00000094   Code   RO           15    i.SystemClock_Config  main.o
    0x080065ec   0x080065ec   0x00000010   Code   RO         4261    i.SystemInit        system_stm32f4xx.o
    0x080065fc   0x080065fc   0x0000000c   Code   RO          626    i.TIM6_DAC_IRQHandler  stm32f4xx_it.o
    0x08006608   0x08006608   0x000000c8   Code   RO         3025    i.TIM_Base_SetConfig  stm32f4xx_hal_tim.o
    0x080066d0   0x080066d0   0x00000060   Code   RO         3038    i.TIM_OC1_SetConfig  stm32f4xx_hal_tim.o
    0x08006730   0x08006730   0x0000006c   Code   RO         3039    i.TIM_OC2_SetConfig  stm32f4xx_hal_tim.o
    0x0800679c   0x0800679c   0x00000068   Code   RO         3040    i.TIM_OC3_SetConfig  stm32f4xx_hal_tim.o
    0x08006804   0x08006804   0x00000050   Code   RO         3041    i.TIM_OC4_SetConfig  stm32f4xx_hal_tim.o
    0x08006854   0x08006854   0x00000010   Code   RO         3945    i.UART_DMAAbortOnError  stm32f4xx_hal_uart.o
    0x08006864   0x08006864   0x0000004e   Code   RO         3955    i.UART_EndRxTransfer  stm32f4xx_hal_uart.o
    0x080068b2   0x080068b2   0x000000c0   Code   RO         3957    i.UART_Receive_IT   stm32f4xx_hal_uart.o
    0x08006972   0x08006972   0x00000002   PAD
    0x08006974   0x08006974   0x0000010c   Code   RO         3958    i.UART_SetConfig    stm32f4xx_hal_uart.o
    0x08006a80   0x08006a80   0x00000018   Code   RO          627    i.USART3_IRQHandler  stm32f4xx_it.o
    0x08006a98   0x08006a98   0x00000002   Code   RO          628    i.UsageFault_Handler  stm32f4xx_it.o
    0x08006a9a   0x08006a9a   0x00000030   Code   RO         7243    i.__ARM_fpclassify  m_wm.l(fpclassify.o)
    0x08006aca   0x08006aca   0x00000026   Code   RO         7160    i.__ARM_fpclassifyf  m_wm.l(fpclassifyf.o)
    0x08006af0   0x08006af0   0x00000020   Code   RO         1783    i.__NVIC_SetPriority  stm32f4xx_hal_cortex.o
    0x08006b10   0x08006b10   0x0000012c   Code   RO         7059    i.__hardfp_asinf    m_wm.l(asinf.o)
    0x08006c3c   0x08006c3c   0x000002ac   Code   RO         7071    i.__hardfp_atan2f   m_wm.l(atan2f.o)
    0x08006ee8   0x08006ee8   0x000000c8   Code   RO         7083    i.__hardfp_cos      m_wm.l(cos.o)
    0x08006fb0   0x08006fb0   0x000000c8   Code   RO         7095    i.__hardfp_sin      m_wm.l(sin.o)
    0x08007078   0x08007078   0x0000007a   Code   RO         7107    i.__hardfp_sqrt     m_wm.l(sqrt.o)
    0x080070f2   0x080070f2   0x00000006   PAD
    0x080070f8   0x080070f8   0x00000438   Code   RO         7176    i.__ieee754_rem_pio2  m_wm.l(rred.o)
    0x08007530   0x08007530   0x00000170   Code   RO         7143    i.__kernel_cos      m_wm.l(cos_i.o)
    0x080076a0   0x080076a0   0x000000f8   Code   RO         7245    i.__kernel_poly     m_wm.l(poly.o)
    0x08007798   0x08007798   0x00000130   Code   RO         7181    i.__kernel_sin      m_wm.l(sin_i.o)
    0x080078c8   0x080078c8   0x00000014   Code   RO         7147    i.__mathlib_dbl_infnan  m_wm.l(dunder.o)
    0x080078dc   0x080078dc   0x00000004   PAD
    0x080078e0   0x080078e0   0x00000020   Code   RO         7149    i.__mathlib_dbl_invalid  m_wm.l(dunder.o)
    0x08007900   0x08007900   0x00000020   Code   RO         7152    i.__mathlib_dbl_underflow  m_wm.l(dunder.o)
    0x08007920   0x08007920   0x00000006   Code   RO         7163    i.__mathlib_flt_infnan  m_wm.l(funder.o)
    0x08007926   0x08007926   0x00000006   Code   RO         7164    i.__mathlib_flt_infnan2  m_wm.l(funder.o)
    0x0800792c   0x0800792c   0x00000010   Code   RO         7165    i.__mathlib_flt_invalid  m_wm.l(funder.o)
    0x0800793c   0x0800793c   0x00000010   Code   RO         7168    i.__mathlib_flt_underflow  m_wm.l(funder.o)
    0x0800794c   0x0800794c   0x00000018   Code   RO         6114    i.abs               chassis_control.o
    0x08007964   0x08007964   0x00000110   Code   RO         6266    i.bmi088_accel_init  bmi088driver.o
    0x08007a74   0x08007a74   0x00000294   Code   RO         6267    i.bmi088_accel_self_test  bmi088driver.o
    0x08007d08   0x08007d08   0x000000dc   Code   RO         6268    i.bmi088_gyro_init  bmi088driver.o
    0x08007de4   0x08007de4   0x000000ca   Code   RO         6269    i.bmi088_gyro_self_test  bmi088driver.o
    0x08007eae   0x08007eae   0x00000002   PAD
    0x08007eb0   0x08007eb0   0x0000008c   Code   RO         6780    i.cali_data_read    calibrate_task.o
    0x08007f3c   0x08007f3c   0x0000006c   Code   RO         6781    i.cali_data_write   calibrate_task.o
    0x08007fa8   0x08007fa8   0x0000003c   Code   RO         6782    i.cali_gyro_hook    calibrate_task.o
    0x08007fe4   0x08007fe4   0x00000078   Code   RO         6783    i.cali_param_init   calibrate_task.o
    0x0800805c   0x0800805c   0x000000d0   Code   RO         6784    i.calibrate_task    calibrate_task.o
    0x0800812c   0x0800812c   0x00000048   Code   RO         6198    i.dbus_uart_init    dr16.o
    0x08008174   0x08008174   0x00000028   Code   RO         5848    i.delay_init        bsp_delay.o
    0x0800819c   0x0800819c   0x00000034   Code   RO         5850    i.delay_us          bsp_delay.o
    0x080081d0   0x080081d0   0x00000018   Code   RO         7239    i.fabs              m_wm.l(fabs.o)
    0x080081e8   0x080081e8   0x0000002a   Code   RO         5889    i.flash_erase_address  bsp_flash.o
    0x08008212   0x08008212   0x0000000c   Code   RO         5890    i.flash_read        bsp_flash.o
    0x0800821e   0x0800821e   0x00000002   PAD
    0x08008220   0x08008220   0x00000068   Code   RO         5892    i.flash_write_single_address  bsp_flash.o
    0x08008288   0x08008288   0x000000c4   Code   RO         5893    i.ger_sector        bsp_flash.o
    0x0800834c   0x0800834c   0x000000b0   Code   RO         6880    i.get_angle         ins_task.o
    0x080083fc   0x080083fc   0x000000d4   Code   RO         5894    i.get_next_flash_address  bsp_flash.o
    0x080084d0   0x080084d0   0x0000004c   Code   RO         6881    i.gyro_offset_calc  ins_task.o
    0x0800851c   0x0800851c   0x000000ec   Code   RO         6882    i.imu_cali_slove    ins_task.o
    0x08008608   0x08008608   0x00000110   Code   RO         6883    i.imu_cmd_spi_dma   ins_task.o
    0x08008718   0x08008718   0x0000000c   Code   RO         6274    i.imu_pwm_set       bmi088driver.o
    0x08008724   0x08008724   0x0000007c   Code   RO         6884    i.imu_temp_control  ins_task.o
    0x080087a0   0x080087a0   0x0000002c   Code   RO         5982    i.invSqrt           mahonyahrs.o
    0x080087cc   0x080087cc   0x00000002   Code   RO         6523    i.ist8310_GPIO_init  ist8310middleware.o
    0x080087ce   0x080087ce   0x00000002   PAD
    0x080087d0   0x080087d0   0x00000024   Code   RO         6525    i.ist8310_IIC_read_single_reg  ist8310middleware.o
    0x080087f4   0x080087f4   0x00000024   Code   RO         6527    i.ist8310_IIC_write_single_reg  ist8310middleware.o
    0x08008818   0x08008818   0x00000010   Code   RO         6528    i.ist8310_RST_H     ist8310middleware.o
    0x08008828   0x08008828   0x00000010   Code   RO         6529    i.ist8310_RST_L     ist8310middleware.o
    0x08008838   0x08008838   0x00000002   Code   RO         6530    i.ist8310_com_init  ist8310middleware.o
    0x0800883a   0x0800883a   0x00000004   Code   RO         6531    i.ist8310_delay_ms  ist8310middleware.o
    0x0800883e   0x0800883e   0x00000002   PAD
    0x08008840   0x08008840   0x00000080   Code   RO         6485    i.ist8310_init      ist8310driver.o
    0x080088c0   0x080088c0   0x00000032   Code   RO           16    i.main              main.o
    0x080088f2   0x080088f2   0x0000000c   Code   RO         5288    i.makeFreeRtosPriority  cmsis_os.o
    0x080088fe   0x080088fe   0x00000002   PAD
    0x08008900   0x08008900   0x0000013c   Code   RO         6018    i.motor_pid_init    pid.o
    0x08008a3c   0x08008a3c   0x0000000e   Code   RO         5290    i.osDelay           cmsis_os.o
    0x08008a4a   0x08008a4a   0x0000000a   Code   RO         5293    i.osKernelStart     cmsis_os.o
    0x08008a54   0x08008a54   0x00000054   Code   RO         5327    i.osThreadCreate    cmsis_os.o
    0x08008aa8   0x08008aa8   0x00000020   Code   RO         4781    i.pcTaskGetName     tasks.o
    0x08008ac8   0x08008ac8   0x0000002e   Code   RO         6019    i.pid_CascadeCalc_chassis  pid.o
    0x08008af6   0x08008af6   0x0000002e   Code   RO         6020    i.pid_CascadeCalc_cloud  pid.o
    0x08008b24   0x08008b24   0x000000a6   Code   RO         6021    i.pid_calc          pid.o
    0x08008bca   0x08008bca   0x000000c2   Code   RO         6022    i.pid_calc_cloud    pid.o
    0x08008c8c   0x08008c8c   0x00000006   Code   RO         6023    i.pid_init          pid.o
    0x08008c92   0x08008c92   0x00000002   PAD
    0x08008c94   0x08008c94   0x00000078   Code   RO         4782    i.prvAddCurrentTaskToDelayedList  tasks.o
    0x08008d0c   0x08008d0c   0x000000d0   Code   RO         4783    i.prvAddNewTaskToReadyList  tasks.o
    0x08008ddc   0x08008ddc   0x00000058   Code   RO         5130    i.prvCheckForValidListAndQueue  timers.o
    0x08008e34   0x08008e34   0x00000026   Code   RO         4439    i.prvCopyDataFromQueue  queue.o
    0x08008e5a   0x08008e5a   0x0000006c   Code   RO         4440    i.prvCopyDataToQueue  queue.o
    0x08008ec6   0x08008ec6   0x00000034   Code   RO         4784    i.prvDeleteTCB      tasks.o
    0x08008efa   0x08008efa   0x00000002   PAD
    0x08008efc   0x08008efc   0x0000004c   Code   RO         5667    i.prvHeapInit       heap_4.o
    0x08008f48   0x08008f48   0x00000060   Code   RO         4785    i.prvIdleTask       tasks.o
    0x08008fa8   0x08008fa8   0x00000016   Code   RO         4442    i.prvInitialiseNewQueue  queue.o
    0x08008fbe   0x08008fbe   0x00000002   PAD
    0x08008fc0   0x08008fc0   0x000000b4   Code   RO         4786    i.prvInitialiseNewTask  tasks.o
    0x08009074   0x08009074   0x0000004c   Code   RO         5668    i.prvInsertBlockIntoFreeList  heap_4.o
    0x080090c0   0x080090c0   0x00000038   Code   RO         5132    i.prvInsertTimerInActiveList  timers.o
    0x080090f8   0x080090f8   0x0000001c   Code   RO         4443    i.prvIsQueueEmpty   queue.o
    0x08009114   0x08009114   0x000000fc   Code   RO         5133    i.prvProcessReceivedCommands  timers.o
    0x08009210   0x08009210   0x000000c0   Code   RO         5134    i.prvProcessTimerOrBlockTask  timers.o
    0x080092d0   0x080092d0   0x00000020   Code   RO         4787    i.prvResetNextTaskUnblockTime  tasks.o
    0x080092f0   0x080092f0   0x00000028   Code   RO         5135    i.prvSampleTimeNow  timers.o
    0x08009318   0x08009318   0x00000058   Code   RO         4788    i.prvSearchForNameWithinSingleList  tasks.o
    0x08009370   0x08009370   0x0000006c   Code   RO         5136    i.prvSwitchTimerLists  timers.o
    0x080093dc   0x080093dc   0x00000028   Code   RO         5724    i.prvTaskExitError  port.o
    0x08009404   0x08009404   0x00000024   Code   RO         5137    i.prvTimerTask      timers.o
    0x08009428   0x08009428   0x0000006a   Code   RO         4444    i.prvUnlockQueue    queue.o
    0x08009492   0x08009492   0x00000002   PAD
    0x08009494   0x08009494   0x000000dc   Code   RO         5669    i.pvPortMalloc      heap_4.o
    0x08009570   0x08009570   0x0000002c   Code   RO         5725    i.pxPortInitialiseStack  port.o
    0x0800959c   0x0800959c   0x00000098   Code   RO         6199    i.rc_callback_handler  dr16.o
    0x08009634   0x08009634   0x00000050   Code   RO         6686    i.set_M3508_chassis_voltage  m3508_motor.o
    0x08009684   0x08009684   0x00000050   Code   RO         6735    i.set_M6020_voltage  m6020_motor.o
    0x080096d4   0x080096d4   0x0000003e   Code   RO         7189    i.sqrtf             m_wm.l(sqrtf.o)
    0x08009712   0x08009712   0x00000002   PAD
    0x08009714   0x08009714   0x00000060   Code   RO         6200    i.uart_receive_handler  dr16.o
    0x08009774   0x08009774   0x00000068   Code   RO         4791    i.ulTaskNotifyTake  tasks.o
    0x080097dc   0x080097dc   0x00000026   Code   RO         4399    i.uxListRemove      list.o
    0x08009802   0x08009802   0x00000002   PAD
    0x08009804   0x08009804   0x00000020   Code   RO         4794    i.uxTaskGetStackHighWaterMark  tasks.o
    0x08009824   0x08009824   0x00000014   Code   RO          261    i.vApplicationGetIdleTaskMemory  freertos.o
    0x08009838   0x08009838   0x00000018   Code   RO          262    i.vApplicationGetTimerTaskMemory  freertos.o
    0x08009850   0x08009850   0x00000016   Code   RO         4400    i.vListInitialise   list.o
    0x08009866   0x08009866   0x00000006   Code   RO         4401    i.vListInitialiseItem  list.o
    0x0800986c   0x0800986c   0x00000030   Code   RO         4402    i.vListInsert       list.o
    0x0800989c   0x0800989c   0x00000018   Code   RO         4403    i.vListInsertEnd    list.o
    0x080098b4   0x080098b4   0x00000040   Code   RO         5727    i.vPortEnterCritical  port.o
    0x080098f4   0x080098f4   0x00000028   Code   RO         5728    i.vPortExitCritical  port.o
    0x0800991c   0x0800991c   0x00000064   Code   RO         5670    i.vPortFree         heap_4.o
    0x08009980   0x08009980   0x00000024   Code   RO         5729    i.vPortSetupTimerInterrupt  port.o
    0x080099a4   0x080099a4   0x00000054   Code   RO         5730    i.vPortValidateInterruptPriority  port.o
    0x080099f8   0x080099f8   0x00000028   Code   RO         4448    i.vQueueAddToRegistry  queue.o
    0x08009a20   0x08009a20   0x00000044   Code   RO         4451    i.vQueueWaitForMessageRestricted  queue.o
    0x08009a64   0x08009a64   0x0000004c   Code   RO         4798    i.vTaskDelay        tasks.o
    0x08009ab0   0x08009ab0   0x0000008c   Code   RO         4799    i.vTaskDelayUntil   tasks.o
    0x08009b3c   0x08009b3c   0x000000ac   Code   RO         4800    i.vTaskDelete       tasks.o
    0x08009be8   0x08009be8   0x00000010   Code   RO         4802    i.vTaskInternalSetTimeOutState  tasks.o
    0x08009bf8   0x08009bf8   0x0000000c   Code   RO         4803    i.vTaskMissedYield  tasks.o
    0x08009c04   0x08009c04   0x000000b4   Code   RO         4804    i.vTaskNotifyGiveFromISR  tasks.o
    0x08009cb8   0x08009cb8   0x00000030   Code   RO         4805    i.vTaskPlaceOnEventList  tasks.o
    0x08009ce8   0x08009ce8   0x00000038   Code   RO         4806    i.vTaskPlaceOnEventListRestricted  tasks.o
    0x08009d20   0x08009d20   0x00000088   Code   RO         4813    i.vTaskStartScheduler  tasks.o
    0x08009da8   0x08009da8   0x00000010   Code   RO         4815    i.vTaskSuspendAll   tasks.o
    0x08009db8   0x08009db8   0x0000005c   Code   RO         4816    i.vTaskSwitchContext  tasks.o
    0x08009e14   0x08009e14   0x000000f4   Code   RO         5731    i.xPortStartScheduler  port.o
    0x08009f08   0x08009f08   0x00000066   Code   RO         4455    i.xQueueGenericCreateStatic  queue.o
    0x08009f6e   0x08009f6e   0x00000002   PAD
    0x08009f70   0x08009f70   0x00000088   Code   RO         4456    i.xQueueGenericReset  queue.o
    0x08009ff8   0x08009ff8   0x00000160   Code   RO         4457    i.xQueueGenericSend  queue.o
    0x0800a158   0x0800a158   0x000000be   Code   RO         4458    i.xQueueGenericSendFromISR  queue.o
    0x0800a216   0x0800a216   0x00000002   PAD
    0x0800a218   0x0800a218   0x00000138   Code   RO         4466    i.xQueueReceive     queue.o
    0x0800a350   0x0800a350   0x00000088   Code   RO         4819    i.xTaskCheckForTimeOut  tasks.o
    0x0800a3d8   0x0800a3d8   0x0000005a   Code   RO         4820    i.xTaskCreate       tasks.o
    0x0800a432   0x0800a432   0x00000056   Code   RO         4821    i.xTaskCreateStatic  tasks.o
    0x0800a488   0x0800a488   0x00000084   Code   RO         4825    i.xTaskGetHandle    tasks.o
    0x0800a50c   0x0800a50c   0x0000001c   Code   RO         4826    i.xTaskGetSchedulerState  tasks.o
    0x0800a528   0x0800a528   0x0000000c   Code   RO         4827    i.xTaskGetTickCount  tasks.o
    0x0800a534   0x0800a534   0x000000cc   Code   RO         4829    i.xTaskIncrementTick  tasks.o
    0x0800a600   0x0800a600   0x00000098   Code   RO         4832    i.xTaskPriorityDisinherit  tasks.o
    0x0800a698   0x0800a698   0x00000074   Code   RO         4834    i.xTaskRemoveFromEventList  tasks.o
    0x0800a70c   0x0800a70c   0x000000c4   Code   RO         4835    i.xTaskResumeAll    tasks.o
    0x0800a7d0   0x0800a7d0   0x00000060   Code   RO         5144    i.xTimerCreateTimerTask  timers.o
    0x0800a830   0x0800a830   0x00000068   Code   RO         5145    i.xTimerGenericCommand  timers.o
    0x0800a898   0x0800a898   0x00000018   Code   RO         7128    x$fpl$basic         fz_wm.l(basic.o)
    0x0800a8b0   0x0800a8b0   0x00000062   Code   RO         7047    x$fpl$d2f           fz_wm.l(d2f.o)
    0x0800a912   0x0800a912   0x00000002   PAD
    0x0800a914   0x0800a914   0x00000150   Code   RO         7049    x$fpl$dadd          fz_wm.l(daddsub_clz.o)
    0x0800aa64   0x0800aa64   0x000002b0   Code   RO         7224    x$fpl$ddiv          fz_wm.l(ddiv.o)
    0x0800ad14   0x0800ad14   0x0000005e   Code   RO         7227    x$fpl$dfix          fz_wm.l(dfix.o)
    0x0800ad72   0x0800ad72   0x0000002e   Code   RO         7232    x$fpl$dflt          fz_wm.l(dflt_clz.o)
    0x0800ada0   0x0800ada0   0x00000026   Code   RO         7231    x$fpl$dfltu         fz_wm.l(dflt_clz.o)
    0x0800adc6   0x0800adc6   0x00000002   PAD
    0x0800adc8   0x0800adc8   0x00000154   Code   RO         7055    x$fpl$dmul          fz_wm.l(dmul.o)
    0x0800af1c   0x0800af1c   0x0000009c   Code   RO         7132    x$fpl$dnaninf       fz_wm.l(dnaninf.o)
    0x0800afb8   0x0800afb8   0x0000000c   Code   RO         7134    x$fpl$dretinf       fz_wm.l(dretinf.o)
    0x0800afc4   0x0800afc4   0x00000016   Code   RO         7050    x$fpl$drsb          fz_wm.l(daddsub_clz.o)
    0x0800afda   0x0800afda   0x00000002   PAD
    0x0800afdc   0x0800afdc   0x00000198   Code   RO         7136    x$fpl$dsqrt         fz_wm.l(dsqrt_umaal.o)
    0x0800b174   0x0800b174   0x000001d4   Code   RO         7051    x$fpl$dsub          fz_wm.l(daddsub_clz.o)
    0x0800b348   0x0800b348   0x00000056   Code   RO         7057    x$fpl$f2d           fz_wm.l(f2d.o)
    0x0800b39e   0x0800b39e   0x0000008c   Code   RO         7138    x$fpl$fnaninf       fz_wm.l(fnaninf.o)
    0x0800b42a   0x0800b42a   0x0000000a   Code   RO         7332    x$fpl$fpinit        fz_wm.l(fpinit.o)
    0x0800b434   0x0800b434   0x0000000a   Code   RO         7140    x$fpl$fretinf       fz_wm.l(fretinf.o)
    0x0800b43e   0x0800b43e   0x00000000   Code   RO         7142    x$fpl$usenofp       fz_wm.l(usenofp.o)
    0x0800b43e   0x0800b43e   0x00000002   PAD
    0x0800b440   0x0800b440   0x0000008c   Data   RO          264    .constdata          freertos.o
    0x0800b4cc   0x0800b4cc   0x00000008   Data   RO         1500    .constdata          stm32f4xx_hal_dma.o
    0x0800b4d4   0x0800b4d4   0x00000010   Data   RO         4262    .constdata          system_stm32f4xx.o
    0x0800b4e4   0x0800b4e4   0x00000008   Data   RO         4263    .constdata          system_stm32f4xx.o
    0x0800b4ec   0x0800b4ec   0x00000012   Data   RO         6275    .constdata          bmi088driver.o
    0x0800b4fe   0x0800b4fe   0x0000000c   Data   RO         6488    .constdata          ist8310driver.o
    0x0800b50a   0x0800b50a   0x00000003   Data   RO         6787    .constdata          calibrate_task.o
    0x0800b50d   0x0800b50d   0x00000003   PAD
    0x0800b510   0x0800b510   0x00000030   Data   RO         7144    .constdata          m_wm.l(cos_i.o)
    0x0800b540   0x0800b540   0x000000c8   Data   RO         7178    .constdata          m_wm.l(rred.o)
    0x0800b608   0x0800b608   0x00000028   Data   RO         7182    .constdata          m_wm.l(sin_i.o)
    0x0800b630   0x0800b630   0x0000003d   Data   RO          265    .conststring        freertos.o
    0x0800b66d   0x0800b66d   0x00000003   PAD
    0x0800b670   0x0800b670   0x00000020   Data   RO         7390    Region$$Table       anon$$obj.o


    Execution Region RW_IRAM1 (Exec base: 0x20000000, Load base: 0x0800b690, Size: 0x0000b5b8, Max: 0x0001c000, ABSOLUTE, COMPRESSED[0x00000074])

    Exec Addr    Load Addr    Size         Type   Attr      Idx    E Section Name        Object

    0x20000000   COMPRESSED   0x00000014   Data   RW          266    .data               freertos.o
    0x20000014   COMPRESSED   0x00000004   Data   RW          372    .data               can.o
    0x20000018   COMPRESSED   0x0000000c   Data   RW         1927    .data               stm32f4xx_hal.o
    0x20000024   COMPRESSED   0x00000004   Data   RW         4264    .data               system_stm32f4xx.o
    0x20000028   COMPRESSED   0x0000003c   Data   RW         4838    .data               tasks.o
    0x20000064   COMPRESSED   0x00000014   Data   RW         5153    .data               timers.o
    0x20000078   COMPRESSED   0x00000020   Data   RW         5676    .data               heap_4.o
    0x20000098   COMPRESSED   0x0000000c   Data   RW         5732    .data               port.o
    0x200000a4   COMPRESSED   0x00000008   Data   RW         5851    .data               bsp_delay.o
    0x200000ac   COMPRESSED   0x00000010   Data   RW         5895    .data               bsp_flash.o
    0x200000bc   COMPRESSED   0x00000014   Data   RW         5983    .data               mahonyahrs.o
    0x200000d0   COMPRESSED   0x00000018   Data   RW         6115    .data               chassis_control.o
    0x200000e8   COMPRESSED   0x00000020   Data   RW         6202    .data               dr16.o
    0x20000108   COMPRESSED   0x00000002   Data   RW         6203    .data               dr16.o
    0x2000010a   COMPRESSED   0x00000002   PAD
    0x2000010c   COMPRESSED   0x00000034   Data   RW         6276    .data               bmi088driver.o
    0x20000140   COMPRESSED   0x00000008   Data   RW         6606    .data               dji_imu.o
    0x20000148   COMPRESSED   0x00000002   Data   RW         6608    .data               dji_imu.o
    0x2000014a   COMPRESSED   0x00000002   PAD
    0x2000014c   COMPRESSED   0x00000014   Data   RW         6788    .data               calibrate_task.o
    0x20000160   COMPRESSED   0x000000a0   Data   RW         6889    .data               ins_task.o
    0x20000200        -       0x000006a8   Zero   RW          263    .bss                freertos.o
    0x200008a8        -       0x00000050   Zero   RW          371    .bss                can.o
    0x200008f8        -       0x00000054   Zero   RW          443    .bss                i2c.o
    0x2000094c        -       0x00000118   Zero   RW          485    .bss                spi.o
    0x20000a64        -       0x00000048   Zero   RW          528    .bss                tim.o
    0x20000aac        -       0x000000a4   Zero   RW          575    .bss                usart.o
    0x20000b50        -       0x00000048   Zero   RW          756    .bss                stm32f4xx_hal_timebase_tim.o
    0x20000b98        -       0x00000020   Zero   RW         1199    .bss                stm32f4xx_hal_flash.o
    0x20000bb8        -       0x00000040   Zero   RW         4469    .bss                queue.o
    0x20000bf8        -       0x000000f0   Zero   RW         4837    .bss                tasks.o
    0x20000ce8        -       0x00000110   Zero   RW         5152    .bss                timers.o
    0x20000df8        -       0x00006000   Zero   RW         5675    .bss                heap_4.o
    0x20006df8        -       0x00000048   Zero   RW         5805    .bss                bsp_can.o
    0x20006e40        -       0x00000458   Zero   RW         6024    .bss                pid.o
    0x20007298        -       0x0000001e   Zero   RW         6201    .bss                dr16.o
    0x200072b6   COMPRESSED   0x00000002   PAD
    0x200072b8        -       0x0000002c   Zero   RW         6605    .bss                dji_imu.o
    0x200072e4        -       0x0000006c   Zero   RW         6688    .bss                m3508_motor.o
    0x20007350        -       0x00000050   Zero   RW         6736    .bss                m6020_motor.o
    0x200073a0        -       0x00000018   Zero   RW         6785    .bss                calibrate_task.o
    0x200073b8        -       0x00000029   Zero   RW         6786    .bss                calibrate_task.o
    0x200073e1   COMPRESSED   0x00000003   PAD
    0x200073e4        -       0x00000174   Zero   RW         6885    .bss                ins_task.o
    0x20007558        -       0x00000060   Zero   RW         7248    .bss                c_w.l(libspace.o)
    0x200075b8        -       0x00002000   Zero   RW            2    HEAP                startup_stm32f407xx.o
    0x200095b8        -       0x00002000   Zero   RW            1    STACK               startup_stm32f407xx.o


    Execution Region RW_IRAM2 (Exec base: 0x2001c000, Load base: 0x0800b704, Size: 0x00000000, Max: 0x00004000, ABSOLUTE)

    **** No section assigned to this execution region ****


==============================================================================

Image component sizes


      Code (inc. data)   RO Data    RW Data    ZI Data      Debug   Object Name

      2118         42         18         52          0      11839   bmi088driver.o
       108         28          0          0          0       4340   bmi088middleware.o
       320         22          0          0         72       2768   bsp_can.o
        92         18          0          8          0       1256   bsp_delay.o
       566         96          0         16          0       3941   bsp_flash.o
      4964         74          0          0          0       2362   bsp_spi.o
       636         54          3         20         65       5696   calibrate_task.o
       396         46          0          4         80       2434   can.o
      1560        164          0         24          0       5975   chassis_control.o
        30          0          0          0          0        643   cloud_control.o
       120          0          0          0          0      23041   cmsis_os.o
       232         30          0         10         44       1830   dji_imu.o
        92          4          0          0          0        806   dma.o
       412         28          0         34         30       4348   dr16.o
         0          0          0          0          0      19624   event_groups.o
       252         28        201         20       1704       9814   freertos.o
       352         22          0          0          0       1107   gpio.o
       472         24          0         32      24576       4803   heap_4.o
       212         32          0          0         84       1689   i2c.o
        52         10          0          0          0        987   imu_send_task.o
      2508        168          0        160        372      15729   ins_task.o
       128          6         12          0          0       1359   ist8310driver.o
       112         22          0          0          0       3543   ist8310middleware.o
       138          0          0          0          0       3482   list.o
       200         16          0          0        108       3120   m3508_motor.o
       224         28          0          0         80       3221   m6020_motor.o
      1380         40          0         20          0       3593   mahonyahrs.o
       222         14          0          0          0     753016   main.o
       774         50          0          0       1112       5442   pid.o
       786         82          0         12          0      11729   port.o
      1502         20          0          0         64      17144   queue.o
        36          0          0          0          0       1568   robot_control_task.o
       324         34          0          0        280       1871   spi.o
        64         26        392          0      16384        832   startup_stm32f407xx.o
        80         14          0         12          0       8018   stm32f4xx_hal.o
      1658          6          0          0          0      14063   stm32f4xx_hal_can.o
       158         14          0          0          0      33106   stm32f4xx_hal_cortex.o
      1044         16          8          0          0       7095   stm32f4xx_hal_dma.o
       520         66          0          0         32       6478   stm32f4xx_hal_flash.o
       356         24          0          0          0       3950   stm32f4xx_hal_flash_ex.o
       540         52          0          0          0       3430   stm32f4xx_hal_gpio.o
      2174         52          0          0          0      12826   stm32f4xx_hal_i2c.o
        56          4          0          0          0        846   stm32f4xx_hal_msp.o
      1412         86          0          0          0       5829   stm32f4xx_hal_rcc.o
       942         12          0          0          0       4861   stm32f4xx_hal_spi.o
      1468        108          0          0          0      11910   stm32f4xx_hal_tim.o
         4          0          0          0          0       1573   stm32f4xx_hal_tim_ex.o
       152         20          0          0         72       1451   stm32f4xx_hal_timebase_tim.o
      1276         16          0          0          0       8204   stm32f4xx_hal_uart.o
       108         30          0          0          0       6915   stm32f4xx_it.o
         0          0          0          0          0        384   stream_buffer.o
        16          4         24          4          0       1099   system_stm32f4xx.o
      3040        214          0         60        240      34259   tasks.o
       224         30          0          0         72       2234   tim.o
       972         80          0         20        272      29683   timers.o
       240         36          0          0        164       1765   usart.o

    ----------------------------------------------------------------------
     37874       2112        696        512      45912    1134931   Object Totals
         0          0         32          0          0          0   (incl. Generated)
        50          0          6          4          5          0   (incl. Padding)

    ----------------------------------------------------------------------

      Code (inc. data)   RO Data    RW Data    ZI Data      Debug   Library Member Name

        90          0          0          0          0          0   __dczerorl2.o
         8          0          0          0          0         68   __main.o
         0          0          0          0          0          0   __rtentry.o
        12          0          0          0          0          0   __rtentry2.o
         6          0          0          0          0          0   __rtentry4.o
        52          8          0          0          0          0   __scatter.o
        28          0          0          0          0          0   __scatter_zi.o
        22          0          0          0          0        100   _rserrno.o
        16          0          0          0          0         68   aeabi_memset.o
        18          0          0          0          0         80   exit.o
         6          0          0          0          0        152   heapauxi.o
         0          0          0          0          0          0   indicate_semi.o
         2          0          0          0          0          0   libinit.o
         6          0          0          0          0          0   libinit2.o
         2          0          0          0          0          0   libshutdown.o
         2          0          0          0          0          0   libshutdown2.o
         8          4          0          0         96         68   libspace.o
       238          0          0          0          0        100   lludivv7m.o
         8          4          0          0          0         68   rt_errno_addr_intlibspace.o
        68          0          0          0          0         68   rt_memclr.o
        78          0          0          0          0         80   rt_memclr_w.o
       138          0          0          0          0         68   rt_memcpy_v6.o
       100          0          0          0          0         80   rt_memcpy_w.o
         2          0          0          0          0          0   rtexit.o
        10          0          0          0          0          0   rtexit2.o
        62          0          0          0          0         76   strlen.o
        12          4          0          0          0         68   sys_exit.o
        74          0          0          0          0         80   sys_stackheap_outer.o
         2          0          0          0          0         68   use_no_semi.o
        24          0          0          0          0        164   basic.o
        98          4          0          0          0        140   d2f.o
       826         16          0          0          0        492   daddsub_clz.o
       688        140          0          0          0        256   ddiv.o
        94          4          0          0          0        140   dfix.o
        84          0          0          0          0        232   dflt_clz.o
       340         12          0          0          0        152   dmul.o
       156          4          0          0          0        140   dnaninf.o
        12          0          0          0          0        116   dretinf.o
       408         56          0          0          0        168   dsqrt_umaal.o
        86          4          0          0          0        132   f2d.o
       140          4          0          0          0        132   fnaninf.o
        10          0          0          0          0        116   fpinit.o
        10          0          0          0          0        116   fretinf.o
         0          0          0          0          0          0   usenofp.o
       300         42          0          0          0        176   asinf.o
       684         90          0          0          0        208   atan2f.o
       200         20          0          0          0        164   cos.o
       368         46         48          0          0        200   cos_i.o
        84         16          0          0          0        372   dunder.o
        24          0          0          0          0        124   fabs.o
        48          0          0          0          0        124   fpclassify.o
        38          0          0          0          0        116   fpclassifyf.o
        44         12          0          0          0        464   funder.o
       248          0          0          0          0        152   poly.o
      1080        142        200          0          0        188   rred.o
       200         20          0          0          0        164   sin.o
       304         24         40          0          0        208   sin_i.o
       122          0          0          0          0        148   sqrt.o
        62          0          0          0          0        136   sqrtf.o

    ----------------------------------------------------------------------
      7878        676        288          0         96       6732   Library Totals
        26          0          0          0          0          0   (incl. Padding)

    ----------------------------------------------------------------------

      Code (inc. data)   RO Data    RW Data    ZI Data      Debug   Library Name

      1070         20          0          0         96       1292   c_w.l
      2976        244          0          0          0       2496   fz_wm.l
      3806        412        288          0          0       2944   m_wm.l

    ----------------------------------------------------------------------
      7878        676        288          0         96       6732   Library Totals

    ----------------------------------------------------------------------

==============================================================================


      Code (inc. data)   RO Data    RW Data    ZI Data      Debug   

     45752       2788        984        512      46008    1108939   Grand Totals
     45752       2788        984        116      46008    1108939   ELF Image Totals (compressed)
     45752       2788        984        116          0          0   ROM Totals

==============================================================================

    Total RO  Size (Code + RO Data)                46736 (  45.64kB)
    Total RW  Size (RW Data + ZI Data)             46520 (  45.43kB)
    Total ROM Size (Code + RO Data + RW Data)      46852 (  45.75kB)

==============================================================================

